ACFAIL				= D133, L: SPADDCOLSPR
ACLOOP				= D0B6, L: SPADDCOLSPR
ACNOCRY				= D0A5, L: SPADDCOLSPR
ACNOCRY3			= D106, L: SPADDCOLSPR
ADJLOOP				= D9D1, L: SPMOVESPRABS
ADJUSTGRAPHICS			= DB14, L: SPMOVESPRABS
APBRANCH1			= 9050, L: MK3
APBRANCH2			= 9093, L: MK3
APBRANCH3			= 907F, L: MK3
APBRANCH4			= 9076, L: MK3
APGET4BITS			= 9068, L: MK3
APLOOP				= 9055, L: MK3
APLOOP0				= 9052, L: MK3
APSKIP2				= 90B2, L: MK3
APSKIP3				= 90BB, L: MK3
APWRITEBYTE			= 9072, L: MK3
AP_FINISHUP			= 90BE, L: MK3
AP_FINISHUP2			= 90C1, L: MK3
AP_GETBIT			= 90D4, L: MK3
AP_GETGAMMA			= 90E0, L: MK3
AP_GETGAMMALOOP			= 90E3, L: MK3
AP_R0_GAMMA			= 90C8, L: MK3
ATMAXCOUNT			= D3EB, L: SPGETKEY
BROKEN				= D8C6, L: SPINTRECT
CLEAR				= DE17, L: SPUPDATENOW
CM_TWO_POINTS_AT1_1		= 947E, L: MK3
CM_TWO_POINTS_AT2_1		= 94A4, L: MK3
CM_TWO_POINTS_DO		= 9470, L: MK3
CM_TWO_POINTS_GO_ON		= 9478, L: MK3
CM_TWO_POINTS_KEEP_COMPARING	= 9469, L: MK3
CNT_1A				= B7BB, L: MK3
CNT_1B				= B7BF, L: MK3
CNT_2				= B7CC, L: MK3
COLOURSPRITE			= DE0D, L: SPUPDATENOW
COMPUTEDISP			= DAF1, L: SPMOVESPRABS
CONT				= D351, L: SPCREATESPR
CONT1				= D533, L: SPINITIALIZE
COPYBUFFER			= DE22, L: SPUPDATENOW
COUNT				= D3A5, L: SPGETKEY
CRCOLLOOP			= D224, L: SPCLEARRECT
CRNOMORESPR			= D259, L: SPCLEARRECT
CRRMVSPRLP			= D244, L: SPCLEARRECT
CRROWLOOP			= D221, L: SPCLEARRECT
CSENTER				= D33A, L: SPCREATESPR
CSFAIL1				= D372, L: SPCREATESPR
CSFAIL2				= D374, L: SPCREATESPR
CSLOOP				= D326, L: SPCREATESPR
CSNOCRY				= D368, L: SPCREATESPR
CURRENT_INST			= B719, L: MK3
DEPACK				= 904D, L: MK3
DIRTYAREA			= DC41, L: SPUPDATENOW
DIRTYLOOP			= DC1B, L: SPUPDATENOW
DIV_1A				= B7C2, L: MK3
DIV_1B				= B7C5, L: MK3
DIV_2				= B7CF, L: MK3
DN_LOOP0			= B8F8, L: MK3
DN_LOOP1			= B900, L: MK3
DONE				= DBDD, L: SPREGISTERHOOKLAST
DOSPRITE			= DD03, L: SPUPDATENOW
DOSPRITE			= D23B, L: SPCLEARRECT
DOTILE				= D22E, L: SPCLEARRECT
DRAWCHAR			= DCB1, L: SPUPDATENOW
DRUMS				= B89E, L: MK3
DRUM_NOISE			= B8F4, L: MK3
DRUM_NOISE1			= B8DE, L: MK3
DRUM_NOISE2			= B8E6, L: MK3
DRUM_NOISE3			= B8EE, L: MK3
DRUM_TABLE			= B989, L: MK3
DRUM_TONE			= B8C1, L: MK3
DRUM_TONE1			= B8AB, L: MK3
DRUM_TONE2			= B8AF, L: MK3
DRUM_TONE3			= B8B3, L: MK3
DRUM_TONE4			= B8B7, L: MK3
DRUM_TONE5			= B8BB, L: MK3
DRUM_TONE6			= B8BF, L: MK3
DT_LOOP0			= B8C8, L: MK3
DT_LOOP1			= B8D5, L: MK3
ENTRY				= C3D0, L: L_DIV_U
ENTRYLP				= D50F, L: SPINITIALIZE
EXIT_PLAYER			= B7A9, L: MK3
FREQ_TABLE			= B911, L: MK3
GENERICISR			= D279, L: SPCREATEGENERICISR
HUD_UPDATE_SKIP_PBODYCOUNT	= AF05, L: MK3
HUD_UPDATE_SKIP_PKEYS		= AF8D, L: MK3
HUD_UPDATE_SKIP_PLIFE		= AF23, L: MK3
HUD_UPDATE_SKIP_POBJS		= AF6F, L: MK3
HUD_UPDATE_SKIP_PTILE_GET_CTR	= AF46, L: MK3
IB1				= D180, L: SPADDMEMORY
IB2				= D187, L: SPADDMEMORY
INSTRUM_TBL			= B79A, L: MK3
INVALIDATE			= DAE2, L: SPMOVESPRABS
INVCOLLP			= D811, L: SPINVALIDATE
INVFULLCHAR			= D824, L: SPINVALIDATE
INVROWLP			= D826, L: SPINVALIDATE
I_1				= BD45, L: MK3
I_100				= A7D4, L: MK3
I_101				= A7A4, L: MK3
I_102				= A78F, L: MK3
I_103				= A7A1, L: MK3
I_104				= A7D4, L: MK3
I_105				= A7C2, L: MK3
I_106				= A7D4, L: MK3
I_107				= A909, L: MK3
I_109				= A92C, L: MK3
I_11				= 9169, L: MK3
I_110				= A92F, L: MK3
I_111				= A947, L: MK3
I_112				= A940, L: MK3
I_114				= A9A5, L: MK3
I_115				= A977, L: MK3
I_116				= A996, L: MK3
I_117				= A9A5, L: MK3
I_118				= AA42, L: MK3
I_119				= A9CF, L: MK3
I_12				= 91CE, L: MK3
I_121				= AA24, L: MK3
I_122				= AA24, L: MK3
I_123				= AA24, L: MK3
I_124				= A9FF, L: MK3
I_126				= AA24, L: MK3
I_127				= AA3F, L: MK3
I_128				= AA3F, L: MK3
I_129				= AA70, L: MK3
I_13				= 91B9, L: MK3
I_130				= AA70, L: MK3
I_131				= AA69, L: MK3
I_132				= AAAD, L: MK3
I_133				= AB0D, L: MK3
I_134				= AAEA, L: MK3
I_135				= AB0D, L: MK3
I_136				= AD43, L: MK3
I_137				= ACF4, L: MK3
I_138				= AD7B, L: MK3
I_139				= AD64, L: MK3
I_14				= 91D1, L: MK3
I_140				= AD7B, L: MK3
I_141				= AD92, L: MK3
I_142				= AD99, L: MK3
I_143				= ADC3, L: MK3
I_144				= ADAE, L: MK3
I_145_I_144			= ADB1, L: MK3
I_146				= AE3B, L: MK3
I_147				= AE34, L: MK3
I_148				= ADDF, L: MK3
I_149				= ADE5, L: MK3
I_15				= 91D2, L: MK3
I_150				= AE1B, L: MK3
I_151				= AE1B, L: MK3
I_152				= AE3B, L: MK3
I_153				= AE53, L: MK3
I_154				= AE56, L: MK3
I_155				= AECA, L: MK3
I_156				= AED2, L: MK3
I_157				= B03C, L: MK3
I_158				= B057, L: MK3
I_159				= B0FF, L: MK3
I_16				= 91DA, L: MK3
I_160				= B0FF, L: MK3
I_161				= B11F, L: MK3
I_162				= B4D4, L: MK3
I_163				= B257, L: MK3
I_164				= B2FE, L: MK3
I_165				= B2F8, L: MK3
I_166_I_165			= B2FB, L: MK3
I_167				= B2FE, L: MK3
I_168				= B305, L: MK3
I_169				= B466, L: MK3
I_17				= 91DA, L: MK3
I_170				= B437, L: MK3
I_171				= B38F, L: MK3
I_172				= B392, L: MK3
I_173				= B3A6, L: MK3
I_174				= B3A9, L: MK3
I_175				= B463, L: MK3
I_176				= B482, L: MK3
I_177				= B48C, L: MK3
I_178				= B49A, L: MK3
I_179				= B4D1, L: MK3
I_18				= 91E2, L: MK3
I_180				= B4C7, L: MK3
I_181_I_180			= B4CA, L: MK3
I_182				= B4FE, L: MK3
I_183				= B51E, L: MK3
I_184				= B51B, L: MK3
I_185				= B51B, L: MK3
I_185_UGE			= B512, L: MK3
I_186_I_185			= B51E, L: MK3
I_187				= B531, L: MK3
I_188				= B628, L: MK3
I_189				= B67D, L: MK3
I_19				= 91EA, L: MK3
I_190				= B641, L: MK3
I_191				= B67A, L: MK3
I_192				= B65B, L: MK3
I_193				= B677, L: MK3
I_194				= B671, L: MK3
I_195				= B677, L: MK3
I_20				= 91FD, L: MK3
I_21				= 9225, L: MK3
I_24				= 92AF, L: MK3
I_25				= 92B7, L: MK3
I_26				= 9293, L: MK3
I_27				= 92C9, L: MK3
I_28				= 9372, L: MK3
I_29				= 9379, L: MK3
I_30				= 9421, L: MK3
I_31				= 9428, L: MK3
I_32				= 945F, L: MK3
I_35				= 95F0, L: MK3
I_36				= 951C, L: MK3
I_37				= 9534, L: MK3
I_38				= 9534, L: MK3
I_39				= 9548, L: MK3
I_40				= 954B, L: MK3
I_41				= 95E1, L: MK3
I_42				= 95EA, L: MK3
I_43				= 9600, L: MK3
I_44				= 9655, L: MK3
I_45				= 962C, L: MK3
I_46				= 9652, L: MK3
I_47				= 96C7, L: MK3
I_48				= 97DB, L: MK3
I_49				= 9730, L: MK3
I_50				= 97DB, L: MK3
I_51				= 97E3, L: MK3
I_52				= 9824, L: MK3
I_53				= 984E, L: MK3
I_54				= 9875, L: MK3
I_55				= 9864, L: MK3
I_56				= 988F, L: MK3
I_57				= 98B4, L: MK3
I_58				= 9908, L: MK3
I_59				= 98F9, L: MK3
I_60				= 98E6, L: MK3
I_61				= 98E6, L: MK3
I_62				= 98F6, L: MK3
I_63				= 9905, L: MK3
I_64				= 9A0B, L: MK3
I_65				= 9A01, L: MK3
I_66_I_65			= 9A04, L: MK3
I_67				= 9AE3, L: MK3
I_68				= 9BA8, L: MK3
I_69				= 9AF0, L: MK3
I_70				= 9B02, L: MK3
I_71				= 9B9B, L: MK3
I_72				= 9B02, L: MK3
I_73				= 9B84, L: MK3
I_74				= 9B98, L: MK3
I_75				= 9BC1, L: MK3
I_76				= 9BE7, L: MK3
I_77				= 9D24, L: MK3
I_78				= 9D3F, L: MK3
I_79				= 9D50, L: MK3
I_80				= 9DAF, L: MK3
I_81				= 9D55, L: MK3
I_82				= 9DAC, L: MK3
I_83				= 9D97, L: MK3
I_84_I_83			= 9D9A, L: MK3
I_85				= 9DC0, L: MK3
I_86				= 9E36, L: MK3
I_87				= 9DC5, L: MK3
I_88				= 9E33, L: MK3
I_89				= 9E05, L: MK3
I_90_I_89			= 9E08, L: MK3
I_91				= 9E95, L: MK3
I_92				= 9EB7, L: MK3
I_93				= A627, L: MK3
I_94				= A654, L: MK3
I_95				= A684, L: MK3
I_96				= A684, L: MK3
I_97				= A706, L: MK3
I_98				= A71D, L: MK3
I_99				= A724, L: MK3
JKLOOP				= D934, L: SPJOYKEYBOARD
JPHL				= D37D, L: SPCREATESPR
JPHL				= D294, L: SPCREATEGENERICISR
JPHL				= D15E, L: SPDELETESPR
JPHL				= D144, L: SPADDCOLSPR
KEMPTBL				= D8F9, L: SPJOYKEMPSTON
KEYOK				= D39F, L: SP_GETKEY
KEYROWLOOP			= D3C5, L: SPGETKEY
L8098				= B722, L: MK3
L809B				= B725, L: MK3
L8168				= B7DF, L: MK3
L8171				= B7E8, L: MK3
L8173				= B7EA, L: MK3
L8179				= B7F0, L: MK3
L817B				= B7F2, L: MK3
L8184				= B7FB, L: MK3
L8186				= B7FD, L: MK3
L818A				= B801, L: MK3
L8193				= B80A, L: MK3
L8195				= B80C, L: MK3
L819B				= B812, L: MK3
L819D				= B814, L: MK3
L81A6				= B81D, L: MK3
L81A8				= B81F, L: MK3
L81AC				= B823, L: MK3
L81B5				= B82C, L: MK3
L81B7				= B82E, L: MK3
L81BD				= B834, L: MK3
L81BF				= B836, L: MK3
L81C8				= B83F, L: MK3
L81CA				= B841, L: MK3
L81CE				= B845, L: MK3
L81D7				= B84E, L: MK3
L81D9				= B850, L: MK3
L81DF				= B856, L: MK3
L81E1				= B858, L: MK3
L81EA				= B861, L: MK3
L81EC				= B863, L: MK3
L81F9				= B870, L: MK3
L81FB				= B872, L: MK3
L8201				= B878, L: MK3
L8203				= B87A, L: MK3
L820C				= B883, L: MK3
L820E				= B885, L: MK3
LOADNOROTATE			= DF0B, L: SPUPDATENOW
LOADTYPE			= DE9D, L: SPUPDATENOW
LOOP				= DBD2, L: SPREGISTERHOOKLAST
LOOP				= D52B, L: SPINITIALIZE
LOOP				= D149, L: SPDELETESPR
L_AND				= C3AA, G: L_AND
L_ASL				= C3B1, G: L_ASL
L_ASL1				= C3B2, L: L_ASL
L_ASR				= C3B8, G: L_ASR
L_ASR1				= C3B9, L: L_ASR
L_ASR_U				= C3C2, G: L_ASR_U
L_ASR_U_1			= C3C3, L: L_ASR_U
L_DIV1				= C3D7, L: L_DIV_U
L_DIV2				= C3E1, L: L_DIV_U
L_DIV_U				= C3CC, G: L_DIV_U
L_EQ				= C3EB, G: L_EQ
L_GCHAR				= C3F2, G: L_GCHAR
L_GE				= C3F8, G: L_GE
L_GINT				= C406, G: L_GINT
L_GINTSP			= C40B, G: L_GINTSP
L_GT				= C413, G: L_GT
L_LNEG				= C41F, G: L_LNEG
L_LT				= C424, G: L_LT
L_NE				= C430, G: L_NE
L_NEG				= C437, G: L_NEG
L_OR				= C43F, G: L_OR
L_PINT				= C446, G: L_PINT
L_PINT_POP			= C44C, G: L_PINT_POP
L_SXT				= C452, G: L_SXT
L_SXT				= C3F3, L: L_GCHAR
L_UGT				= C457, G: L_UGT
L_ULT				= C45D, G: L_ULT
L_XOR				= C463, G: L_XOR
MAIN_LOOP			= B6D7, L: MK3
MAIN_LOOP_ISRC_WAIT		= B27A, L: MK3
MASKNOROTATE			= DE52, L: SPUPDATENOW
MUSICDATA			= B99B, L: MK3
MVCOLLOOP			= DA1E, L: SPMOVESPRABS
MVROWLOOP			= DA24, L: SPMOVESPRABS
NEXTDATA			= BC42, L: MK3
NEXTSCANROW			= D3DA, L: SPGETKEY
NEXT_PATTERN			= B6C3, L: MK3
NOADD				= D53D, L: SPINITIALIZE
NOCAPS				= D995, L: SPKEYPRESSED
NOCAPS				= D418, L: SPGETKEY
NODEC1				= DAAE, L: SPMOVESPRABS
NOFIRE				= D934, L: SPJOYKEYBOARD
NOINC				= DBFD, L: SPTILEENTRY
NOINC				= D4D4, L: SPTBLLOOKUP
NOINC1				= DC33, L: SPUPDATENOW
NOINC1				= DA46, L: SPMOVESPRABS
NOINC1				= D80D, L: SPINVALIDATE
NOINC1				= D252, L: SPCLEARRECT
NOINC1				= D0F2, L: SPADDCOLSPR
NOINC10				= DCEA, L: SPUPDATENOW
NOINC11				= DC8D, L: SPUPDATENOW
NOINC2				= DA7F, L: SPMOVESPRABS
NOINC2				= D820, L: SPINVALIDATE
NOINC3				= DAA0, L: SPMOVESPRABS
NOINC3				= D831, L: SPINVALIDATE
NOINC4				= DABA, L: SPMOVESPRABS
NOINC5				= DB20, L: SPMOVESPRABS
NOKEYS				= D426, L: SPGETKEY
NOMORESPRITES			= DE44, L: SPUPDATENOW
NONEXT1				= DA5A, L: SPMOVESPRABS
NONEXT2				= DAC7, L: SPMOVESPRABS
NOPRESS				= D93F, L: SPJOYKEYBOARD
NOPRESS				= D3D5, L: SPGETKEY
NOSPRITE			= D25A, L: SPCLEARRECT
NOSYM				= D9A1, L: SPKEYPRESSED
NOSYM				= D423, L: SPGETKEY
NOTACROSSBLK1			= DC2B, L: SPUPDATENOW
NOTACROSSBLK2			= DC7B, L: SPUPDATENOW
NOTCOMPRESS			= D34C, L: SPCREATESPR
NOTDISPLAYED			= DAC7, L: SPMOVESPRABS
NOTDONE				= DA2E, L: SPMOVESPRABS
NOTE_PTR			= B90F, L: MK3
NOTINDLIST			= DA5A, L: SPMOVESPRABS
NOTLOAD				= DCDF, L: SPUPDATENOW
NOTNEGATIVE			= DB0F, L: SPMOVESPRABS
NO_PATTERN_LOOP			= B6CE, L: MK3
ORNOROTATE			= E068, L: SPUPDATENOW
ORTYPE				= DFE2, L: SPUPDATENOW
OTHER				= B783, L: MK3
OUT_1				= B7C8, L: MK3
OUT_2				= B7D2, L: MK3
PAT0				= B9DB, L: MK3
PAT1				= BA1A, L: MK3
PAT2				= BA59, L: MK3
PAT3				= BA98, L: MK3
PAT4				= BAD9, L: MK3
PAT5				= BB19, L: MK3
PAT6				= BB58, L: MK3
PAT7				= BB73, L: MK3
PAT8				= BBB2, L: MK3
PATTERNDATA			= B9AB, L: MK3
PATTERN_ADDR			= B90C, L: MK3
PATTERN_LOOP_BEGIN		= B6CD, L: MK3
PATTERN_LOOP_END		= B6C9, L: MK3
PATTERN_PTR			= B90E, L: MK3
PDLOOP				= DA77, L: SPMOVESPRABS
PLAYER				= B6A2, L: MK3
PLAYER_WAIT_KEY			= B7DA, L: MK3
PLAY_MUSIC			= B67E, L: MK3
PLAY_NOTE			= B7D3, L: MK3
POPREG				= D2A7, L: SPCREATEGENERICISR
POSITION			= D27C, L: SPCREATEGENERICISR
PUSHREG				= D285, L: SPCREATEGENERICISR
PUTHERE				= DA91, L: SPMOVESPRABS
READDATA			= BC03, L: MK3
READ_LOOP			= B6DA, L: MK3
REENTER				= DC33, L: SPUPDATENOW
RENDER				= B7B1, L: MK3
RND				= 911E, L: MK3
ROTLP				= D512, L: SPINITIALIZE
ROTTBLLP			= D508, L: SPINITIALIZE
RUNHOOKS			= D295, L: SPCREATEGENERICISR
SCANLOOP			= D3C1, L: SPGETKEY
SET_NOTE2			= B74B, L: MK3
SET_STOP			= B75F, L: MK3
SET_STOP2			= B778, L: MK3
SFXDATA				= BCB4, L: MK3
SFXRN0				= BC8C, L: MK3
SFXRN1				= BC90, L: MK3
SFXRN2				= BCA0, L: MK3
SFXROUTINENOISE			= BC85, L: MK3
SFXROUTINENOISEBORDER		= BC93, L: MK3
SFXROUTINESAMPLE		= BC24, L: MK3
SFXROUTINESAMPLEBORDER		= BC34, L: MK3
SFXROUTINETONE			= BC46, L: MK3
SFXROUTINETONEBORDER		= BC60, L: MK3
SFXROUTINETONEDUTY		= BC5B, L: MK3
SFXRS0				= BC25, L: MK3
SFXRS1				= BC29, L: MK3
SFXRS2				= BC2C, L: MK3
SFXRT0				= BC55, L: MK3
SFXRT1				= BC59, L: MK3
SINC1TBL			= D959, L: SPJOYSINCLAIR1
SKIP				= D402, L: SPGETKEY
SKIP1				= DB30, L: SPMOVESPRABS
SKIP2				= DB40, L: SPMOVESPRABS
SKIP_CH1			= B7A3, L: MK3
SOUNDEFFECT0DATA		= BCC2, L: MK3
SOUNDEFFECT1DATA		= BCCE, L: MK3
SOUNDEFFECT2DATA		= BCDA, L: MK3
SOUNDEFFECT3DATA		= BCE2, L: MK3
SOUNDEFFECT4DATA		= BCF5, L: MK3
SOUNDEFFECT5DATA		= BD08, L: MK3
SOUNDEFFECT6DATA		= BD1F, L: MK3
SOUNDEFFECTSDATA		= BCB4, L: MK3
SOUND_PLAY			= BBE6, L: MK3
SPADDCOLSPR			= D09A, G: SPADDCOLSPR
SPADDMEMORY			= D178, G: SPADDMEMORY
SPALLOC				= D1C9, G: SPBLOCKALLOC
SPBIT2MASK			= DB9C, G: SPBIT2MASK
SPBITLEFT2MASK			= D83F, G: SPBITLEFT2MASK
SPBITRIGHT2MASK			= D847, G: SPBITRIGHT2MASK
SPBLOCKALLOC			= D1BF, G: SPBLOCKALLOC
SPBORDER			= D1E4, G: SPBORDER
SPBORDERCLR			= D1E3, G: SPBORDER
SPCLEARRECT			= D210, G: SPCLEARRECT
SPCLEARRECTP			= D218, G: SPCLEARRECT
SPCOMPDIRTYADDR			= D84F, G: SPCOMPDIRTYADDR
SPCOMPDLISTADDR			= C46A, G: SPCOMPDLISTADDR
SPCREATEGENERICISR		= D270, G: SPCREATEGENERICISR
SPCREATESPR			= D2D5, G: SPCREATESPR
SPDELETESPR			= D145, G: SPDELETESPR
SPDIRTYCHARS			= D545, G: SPDIRTYCHARS
SPDISPLAYLIST			= C47B, G: SPDISPLAYLIST
SPDSLOOP			= D156, G: SPDELETESPR
SPFB1				= D199, G: SPFREEBLOCK
SPFB2				= D1A4, G: SPFREEBLOCK
SPFREEBLOCK			= D194, G: SPFREEBLOCK
SPGETKEY			= D3BA, G: SPGETKEY
SPINITIALIZE			= D4E2, G: SPINITIALIZE
SPINITIM2			= D7B0, G: SPINITIM2
SPINKEY				= D3A9, G: SPGETKEY
SPINTRECT			= D864, G: SPINTRECT
SPINTSMALLIVAL			= D895, G: SPINTRECT
SPINVALIDATE			= D7EC, G: SPINVALIDATE
SPINVALIDATEP			= D7F4, G: SPINVALIDATE
SPJOYKEMPSTON			= D8EE, G: SPJOYKEMPSTON
SPJOYKEYBOARD			= D927, G: SPJOYKEYBOARD
SPJOYSINCLAIR1			= D94D, G: SPJOYSINCLAIR1
SPKEYDEBOUNCE			= D3A6, G: SPGETKEY
SPKEYPRESSED			= D989, G: SPKEYPRESSED
SPKEYREPEATPERIOD		= D3A8, G: SPGETKEY
SPKEYSTARTREPEAT		= D3A7, G: SPGETKEY
SPKEYTRANSTBL			= D42E, G: SPKEYTRANSTBL
SPMOVESPRABS			= D9B8, G: SPMOVESPRABS
SPMOVESPRABSC			= D9DF, G: SPMOVESPRABS
SPMOVESPRABSNC			= D9C6, G: SPMOVESPRABS
SPNULLSPRPTR			= D37E, G: SPNULLSPRPTR
SPPRINTATINV			= DB84, G: SPPRINTATINV
SPPTINSMALLIVAL			= D8BA, G: SPINTRECT
SPQUEUETABLE			= D1AF, G: SPQUEUETABLE
SPREGISTERHOOK			= DBC9, G: SPREGISTERHOOKLAST
SPREGISTERHOOKLAST		= DBC9, G: SPREGISTERHOOKLAST
SPRITE				= D231, L: SPCLEARRECT
SPRITELOOP			= DCFF, L: SPUPDATENOW
SPTBLLOOKUP			= D4CE, G: SPTBLLOOKUP
SPTILEARRAY			= D5A5, G: SPTILEARRAY
SPTILEENTRY			= DBF4, G: SPTILEENTRY
SPUPDATENOW			= DC12, G: SPUPDATENOW
SP_ADDCOLSPR			= D07B, G: SP_ADDCOLSPR
SP_ADDMEMORY			= D15F, G: SP_ADDMEMORY
SP_BLOCKALLOC			= D1B1, G: SP_BLOCKALLOC
SP_BORDER			= D1DA, G: SP_BORDER
SP_CLEARRECT			= D1EC, G: SP_CLEARRECT
SP_CREATEGENERICISR		= D267, G: SP_CREATEGENERICISR
SP_CREATESPR			= D2B8, G: SP_CREATESPR
SP_FIXCLIPRECT			= D8CD, G: SP_FIXCLIPRECT
SP_FREEBLOCK			= D38E, G: SP_FREEBLOCK
SP_GETKEY			= D399, G: SP_GETKEY
SP_INITIALIZE			= D4D6, G: SP_INITIALIZE
SP_INITIM2			= D7A5, G: SP_INITIM2
SP_INVALIDATE			= D7C6, G: SP_INVALIDATE
SP_JOYKEMPSTON			= D8E7, G: SP_JOYKEMPSTON
SP_JOYKEYBOARD			= D919, G: SP_JOYKEYBOARD
SP_JOYSINCLAIR1			= D946, G: SP_JOYSINCLAIR1
SP_KEYPRESSED			= D979, G: SP_KEYPRESSED
SP_MOVEABSHELP			= DB43, G: SP_MOVEABSHELP
SP_MOVESPRABS			= D9AD, G: SP_MOVESPRABS
SP_PRINTATINV			= DB72, G: SP_PRINTATINV
SP_REGISTERHOOK			= DBA4, G: SP_REGISTERHOOK
SP_REGISTERHOOKLAST		= DBBA, G: SP_REGISTERHOOKLAST
SP_TILEARRAY			= DBE6, G: SP_TILEARRAY
SP_UPDATENOW			= DC05, G: SP_UPDATENOW
START				= 5DF2, L: ZX82_CRT0
STATE				= D3A4, L: SPGETKEY
TEMPCOLOUR			= DC11, L: SPUPDATENOW
TEMPGRAPHIC			= DC09, L: SPUPDATENOW
TILEONLY			= DC82, L: SPUPDATENOW
TOOMANYKEYS			= D426, L: SPGETKEY
TRYOTHERWAY			= D8A9, L: SPINTRECT
USERTILE			= D540, L: SPINITIALIZE
XINSCREEN			= DA07, L: SPMOVESPRABS
XORNOROTATE			= DFB0, L: SPUPDATENOW
XORTYPE				= DF2A, L: SPUPDATENOW
YINSCREEN			= D9F7, L: SPMOVESPRABS
_ADD_PUMPKIN_FACING_DONE	= AEA7, L: MK3
_ADD_PUMPKIN_FACING_LEFT	= AEA4, L: MK3
_ADD_PUMPKIN_FACING_RIGHT	= AE9F, L: MK3
_ADD_PUMPKIN_SET_X		= AEAC, L: MK3
_ADD_PUMPKIN_SET_Y		= AEBA, L: MK3
_ADVANCE_WORM			= 99E2, G: MK3
_ALL_SPRITES_OUT		= 97DC, G: MK3
_ALTER_MAP			= 919F, G: MK3
_ASM_BEEPFX			= BD27, G: MK3
_AT1				= C307, G: MK3
_AT2				= C309, G: MK3
_BEEP_FX			= BD28, G: MK3
_BEHS				= 7646, G: MK3
_BITMASK			= 9045, G: MK3
_BOLTS_CLEAR_BOLT		= 9D40, G: MK3
_BOLTS_LOAD			= 9D1D, G: MK3
_BOLTS_UPDATE_SCREEN		= 9DB0, G: MK3
_BUTTON_PRESSED			= 91A0, G: MK3
_CM_TWO_POINTS			= 9460, G: MK3
_COLLIDE			= 94C5, G: MK3
_COLLIDE_DONE			= 94FD, L: MK3
_COLLIDE_RESET			= 94FA, L: MK3
_COLLIDE_SET			= 94F5, L: MK3
_CONTROLS_SETUP			= 9517, G: MK3
_CX1				= C30A, G: MK3
_CX2				= C30B, G: MK3
_CY1				= C30C, G: MK3
_CY2				= C30D, G: MK3
_C_LEVEL			= BDFB, G: MK3
_C_LEVEL_MAP_W			= BF2B, G: MK3
_DELAY				= 91E3, G: MK3
_DO_GAME			= C312, G: MK3
_DRAW_SCR			= 9A67, G: MK3
_DRAW_SCR_ADVANCE_LOOP		= 9A97, L: MK3
_DRAW_SCR_ADVANCE_LOOP_DONE	= 9AA8, L: MK3
_DRAW_SCR_BUFFER		= 9BA9, G: MK3
_DRAW_SCR_LOOP			= 9A7E, L: MK3
_DRAW_SCR_LOOP_DONE		= 9AAD, L: MK3
_DRAW_SCR_RLE53			= 9A70, L: MK3
_DRAW_TILE			= 9656, G: MK3
_DRAW_TILE_ADVANCE		= 99B9, G: MK3
_DRAW_TILE_ADVANCE_NO_NEXT_LINE	= 99DE, L: MK3
_DYNAMIC_MEMORY_POOL		= BF64, G: MK3
_EM_L				= A223, L: MK3
_EM_L_CELL_VERTICAL		= A2AE, L: MK3
_EM_L_HORZ_TRAJECTORY_LIMIT	= A25C, L: MK3
_EM_L_NOT_A_PLATFORM		= A2A3, L: MK3
_EM_L_NO_HORZ_TRAJECTORY_LIMIT	= A264, L: MK3
_EM_L_NO_SURPASS_Y1		= A282, L: MK3
_EM_L_NO_SURPASS_Y2		= A298, L: MK3
_EM_L_NO_VERT_TRAJECTORY_LIMIT	= A298, L: MK3
_EM_L_SPR_ID_SET		= A2C4, L: MK3
_EM_L_VERT_ABS_SKIP_1		= A280, L: MK3
_EM_L_VERT_ABS_SKIP_2		= A298, L: MK3
_ENCELLOFFSET			= BF5F, G: MK3
_ENDING_RLE			= 8F02, G: MK3
_ENEMS				= 8B8E, G: MK3
_ENEMS_DO			= A124, G: MK3
_ENEMS_DRAIN			= A0CA, G: MK3
_ENEMS_DRAIN_HONK		= A11A, L: MK3
_ENEMS_DRAIN_KILL		= A0EF, L: MK3
_ENEMS_DRAIN_KILL_GENERAL	= A0F5, L: MK3
_ENEMS_KILL_STORE		= A105, L: MK3
_ENEMS_LINEAR_CELL_SET		= A2B1, L: MK3
_ENEMS_LOAD			= 9EB8, G: MK3
_ENEMS_LOAD_BIG_LOOP		= 9EDB, L: MK3
_ENEMS_LOAD_CONTINUE		= A0B5, L: MK3
_ENEMS_LOAD_DO			= 9EFF, L: MK3
_ENEMS_LOAD_T_10		= 9FB7, L: MK3
_ENEMS_LOAD_T_10_MX		= 9FB7, L: MK3
_ENEMS_LOAD_T_10_MX_DONE	= 9FD0, L: MK3
_ENEMS_LOAD_T_10_MY		= 9FD3, L: MK3
_ENEMS_LOAD_T_10_MY_DONE	= 9FEC, L: MK3
_ENEMS_LOAD_T_10_NOT_SWAP_XX	= A013, L: MK3
_ENEMS_LOAD_T_10_NOT_SWAP_YX	= A001, L: MK3
_ENEMS_LOAD_T_10_X1_BIGGER	= 9FC3, L: MK3
_ENEMS_LOAD_T_10_X1_SAME	= 9FCA, L: MK3
_ENEMS_LOAD_T_10_X1_SMALLER	= 9FCD, L: MK3
_ENEMS_LOAD_T_10_Y1_BIGGER	= 9FDF, L: MK3
_ENEMS_LOAD_T_10_Y1_SAME	= 9FE6, L: MK3
_ENEMS_LOAD_T_10_Y1_SMALLER	= 9FE9, L: MK3
_ENEMS_LOAD_T_20		= 9FB7, L: MK3
_ENEMS_LOAD_T_ASSIGNATIONS	= 9FA7, L: MK3
_ENEMS_LOAD_T_ASSIGNATIONS_DONE	= A0A7, L: MK3
_ENEMS_LOAD_T_ASSIGNATIONS_JT	= 9FAA, L: MK3
_ENEMS_PERSISTENT_DEATHS_INIT	= 9E8E, G: MK3
_ENEMS_RESTORE_VALS		= 9E37, G: MK3
_ENEMS_UPDATE_DO		= A217, L: MK3
_ENEMS_UPDATE_DONE		= A2CA, L: MK3
_ENEM_LINEAR_ASSEMBLY_H		= A223, L: MK3
_ENOFFS				= BE15, G: MK3
_ENSCLIPRECTS			= BF4F, G: MK3
_EN_CT				= BDC1, G: MK3
_EN_DYING			= C31F, G: MK3
_EN_FACING			= BDCC, G: MK3
_EN_FR				= BDC4, G: MK3
_EN_HL				= BDBE, G: MK3
_EN_LIFE			= C37E, G: MK3
_EN_MX				= BDC9, G: MK3
_EN_MY				= BDCF, G: MK3
_EN_S				= BF1D, G: MK3
_EN_STATE			= C38B, G: MK3
_EN_T				= BF20, G: MK3
_EN_WASHIT			= C382, G: MK3
_EN_X				= BF23, G: MK3
_EN_X1				= BDAD, G: MK3
_EN_X2				= BDB4, G: MK3
_EN_Y				= BF26, G: MK3
_EN_Y1				= BDB1, G: MK3
_EN_Y2				= BDB7, G: MK3
_EP_KILLED			= C327, G: MK3
_EVIL_TILE_HIT			= BDDB, G: MK3
_FIRST_TIME			= BE0B, G: MK3
_FLAGS				= BDC5, G: MK3
_FLIP_FLOP			= BDB0, G: MK3
_FRAME_COUNTER			= C326, G: MK3
_FSRECT				= 5DFC, G: MK3
_GAME_ENDING			= B5DC, G: MK3
_GAME_INIT			= B058, G: MK3
_GAME_LEVEL			= B579, G: MK3
_GAME_LOOP			= B106, G: MK3
_GAME_OVER			= B535, G: MK3
_GAME_PREPARE_SCREEN		= B0E8, G: MK3
_GAME_SHUTDOWN_SPRITES		= B035, G: MK3
_GAME_TITLE			= B4D8, G: MK3
_GENFLIPFLOP			= BDA8, G: MK3
_GPINT				= BDD9, G: MK3
_GPIT				= BF31, G: MK3
_GPJT				= BF32, G: MK3
_GP_AUX				= BE0D, G: MK3
_GP_GEN				= BDFF, G: MK3
_GP_INT				= BE13, G: MK3
_GP_MAP				= BE0F, G: MK3
_GUAY_CT			= BDDC, G: MK3
_HACT				= BF08, G: MK3
_HALF_LIFE			= BDBA, G: MK3
_HITTER_FRAME			= C38F, G: MK3
_HITTER_HS_X			= C394, G: MK3
_HITTER_HS_Y			= C395, G: MK3
_HITTER_X			= BF29, G: MK3
_HITTER_Y			= BF2A, G: MK3
_HL_PROC			= C3A8, G: MK3
_HOTSPOTS			= 8C7E, G: MK3
_HOTSPOTS_DO			= 9C5C, G: MK3
_HOTSPOTS_DO_SELECTOR		= 9C87, L: MK3
_HOTSPOTS_DO_SELECTOR_DONE	= 9CCA, L: MK3
_HOTSPOTS_DO_TYPE_KEY		= 9CC0, L: MK3
_HOTSPOTS_DO_TYPE_OBJECT	= 9CAB, L: MK3
_HOTSPOTS_DO_TYPE_OBJECT_NOT_SE	= 9CB8, L: MK3
_HOTSPOTS_DO_TYPE_OBJECT_ONE_DO	= 9CBD, L: MK3
_HOTSPOTS_DO_TYPE_REFILL	= 9C99, L: MK3
_HOTSPOTS_DO_TYPE_REFILL_DONE	= 9CA5, L: MK3
_HOTSPOTS_INI			= 9BE8, G: MK3
_HOTSPOTS_INI_LOOP		= 9BEF, L: MK3
_HOTSPOTS_LOAD			= 9C20, G: MK3
_HOTSPOTS_LOAD_RESET		= 9C56, L: MK3
_HOTSPOTS_PAINT			= 9BF4, G: MK3
_HRT				= C373, G: MK3
_HRX				= C36F, G: MK3
_HRY				= C372, G: MK3
_HUD_RLE			= 8E78, G: MK3
_HUD_UPDATE			= AED3, G: MK3
_ISR				= 9235, G: MK3
_ISRC				= BF3F, G: MK3
_IS_PLATFORM			= BDFD, G: MK3
_JITTER_BIG			= 9035, G: MK3
_JOYFUNC			= BF2D, G: MK3
_KEYS				= BF34, G: MK3
_KEYSCANCODES			= 94FF, G: MK3
_KEY_JUMP			= BF2F, G: MK3
_LEVEL				= BDDD, G: MK3
_LEVEL0				= 8FEF, G: MK3
_LEVEL0_BEHS_C			= 65E4, G: MK3
_LEVEL0_ENEMS_C			= 61CE, G: MK3
_LEVEL0_HOTSPOTS_C		= 6296, G: MK3
_LEVEL0_LOCKS_C			= 61C3, G: MK3
_LEVEL0_MAP_C			= 5E00, G: MK3
_LEVEL0_TS_PATTERNS_C		= 62BE, G: MK3
_LEVEL0_TS_TILEMAPS_C		= 6501, G: MK3
_LEVEL1				= 8FFD, G: MK3
_LEVEL1_BEHS_C			= 6F3D, G: MK3
_LEVEL1_ENEMS_C			= 6AD4, G: MK3
_LEVEL1_HOTSPOTS_C		= 6B98, G: MK3
_LEVEL1_MAP_C			= 65F9, G: MK3
_LEVEL1_TS_PATTERNS_C		= 6BBD, G: MK3
_LEVEL1_TS_TILEMAPS_C		= 6E56, G: MK3
_LEVELS				= 900B, G: MK3
_LEVEL_SETUP			= AF8E, G: MK3
_LIBRARIAN_GET_RESOURCE		= 91FE, G: MK3
_LIBRARY			= 6F52, G: MK3
_LKACT				= BDD5, G: MK3
_LOCKS				= 8B82, G: MK3
_MAIN				= B625, G: MK3
_MAIN_LOOP_CUSTOM_END		= B2E1, L: MK3
_MAIN_LOOP_CUSTOM_LEVEL_0	= B28B, L: MK3
_MAIN_LOOP_CUSTOM_LEVEL_0_TOTEM	= B2B2, L: MK3
_MAIN_LOOP_CUSTOM_LEVEL_1	= B2A1, L: MK3
_MAIN_LOOP_CUSTOM_LEVEL_1_TOTEM	= B2A9, L: MK3
_MAIN_LOOP_CUSTOM_LEVEL_X_TOTEM	= B2B9, L: MK3
_MAP				= 8416, G: MK3
_MAP_BASE_ADDRESS		= 918B, G: MK3
_MAX_HOTSPOTS_TYPE_1		= C387, G: MK3
_MK_FLICK			= B1F2, L: MK3
_MLTRS				= B243, L: MK3
_ML_FLICK_SCREEN_HORZ_DONE	= B182, L: MK3
_ML_FLICK_SCREEN_HORZ_ELSE	= B15B, L: MK3
_ML_FLICK_SCREEN_UP_VY_BOOST	= B1AC, L: MK3
_ML_FLICK_SCREEN_UP_VY_BOOST_DO	= B1BC, L: MK3
_ML_FLICK_SCREEN_VERT_CONTINUE1	= B18B, L: MK3
_ML_FLICK_SCREEN_VERT_DONE	= B1F2, L: MK3
_ML_FLICK_SCREEN_VERT_ELSE	= B1C4, L: MK3
_ML_FLICK_SKIP			= B229, L: MK3
_MY_MALLOC			= 9226, G: MK3
_NO_CT				= BDDE, G: MK3
_N_PANT				= BF1C, G: MK3
_OBJS_TAKEN			= C313, G: MK3
_OBJS_TAKEN_I			= BDAA, G: MK3
_OLEVEL				= C322, G: MK3
_ON_PANT			= BE11, G: MK3
_OPBODYCOUNT			= BF4E, G: MK3
_OPKEYS				= C386, G: MK3
_OPLIFE				= C379, G: MK3
_OPOBJS				= C381, G: MK3
_OPSTARS			= C389, G: MK3
_OPTILE_GET_CTR			= BD94, G: MK3
_PAD				= C325, G: MK3
_PAD0				= BF07, G: MK3
_PAD_READ			= 9152, G: MK3
_PAD_THIS_FRAME			= BE16, G: MK3
_PBODYCOUNT			= BF4D, G: MK3
_PCHARACTER			= BE0C, G: MK3
_PCTJ				= BF40, G: MK3
_PCX				= C36B, G: MK3
_PCY				= C36D, G: MK3
_PEMMERALDS			= BDBB, G: MK3
_PFACING			= BDD4, G: MK3
_PFIRING			= BE12, G: MK3
_PFIXCT				= C311, G: MK3
_PFLICKERING			= C388, G: MK3
_PFRAME				= C310, G: MK3
_PGOTTEN			= BF5E, G: MK3
_PGTMX				= BDEE, G: MK3
_PGTMY				= BDEF, G: MK3
_PHIT				= BF42, G: MK3
_PINV				= BF5D, G: MK3
_PJ				= BDE8, G: MK3
_PJB				= C36A, G: MK3
_PJUSTJUMPED			= BF41, G: MK3
_PKEYS				= BDE9, G: MK3
_PKILLED			= BF2C, G: MK3
_PLAYER_HIT			= A6E4, G: MK3
_PLAYER_INIT			= A685, G: MK3
_PLAYER_MOVE			= A731, G: MK3
_PLAYER_MOVE_GL_00		= A739, L: MK3
_PLAYER_MOVE_GL_01		= A741, L: MK3
_PLAYER_PROCESS_BLOCK		= A61B, G: MK3
_PLAYER_REGISTER_SAFE_SPOT	= A5BC, G: MK3
_PLAYER_RESET_MOVEMENT		= A604, G: MK3
_PLAYER_RESTORE_SAFE_SPOT	= A5D2, G: MK3
_PLIFE				= BDE3, G: MK3
_PM_HORZ_MOVE_LEFB_DONE		= AB3C, L: MK3
_PM_HORZ_MOVE_PGOTTEN_DONE	= AB1F, L: MK3
_PM_HORZ_MOVE_RIGB_DONE		= AB4B, L: MK3
_PM_HORZ_PROCESS_BLOCK		= AC1D, L: MK3
_PM_HORZ_PROCESS_BLOCK_1_DO	= AC26, L: MK3
_PM_HORZ_PROCESS_BLOCK_1_DONE	= AC3A, L: MK3
_PM_HORZ_PROCESS_BLOCK_2_DO	= AC4D, L: MK3
_PM_HORZ_PROCESS_BLOCK_2_DONE	= AC60, L: MK3
_PM_HORZ_V_COLL_DONE		= AC1D, L: MK3
_PM_HORZ_V_DONE			= AC7D, L: MK3
_PM_HORZ_V_NEG			= AB8C, L: MK3
_PM_HORZ_V_NEG_COLLIDE		= ABB0, L: MK3
_PM_HORZ_V_NEG_COLLIDE_ELSE	= ABD1, L: MK3
_PM_HORZ_V_POS			= ABD4, L: MK3
_PM_HORZ_V_POS_COLLIDE		= ABFA, L: MK3
_PM_HORZ_V_POS_COLLIDE_ELSE	= AC1D, L: MK3
_PM_HORZ_V_ZERO			= AC63, L: MK3
_PM_HORZ_V_ZERO_DONE		= AC7D, L: MK3
_PM_POLL_PAD_HORZ_LEFT_PVX_LIMI	= AAA5, L: MK3
_PM_POLL_PAD_HORZ_LEFT_PVX_SET	= AA90, L: MK3
_PM_POLL_PAD_HORZ_LEFT_SKIP	= AAA5, L: MK3
_PM_POLL_PAD_HORZ_NONE_DONE	= AB0A, L: MK3
_PM_POLL_PAD_HORZ_NONE_NEGATIVE	= AAF5, L: MK3
_PM_POLL_PAD_HORZ_NONE_POSITIVE	= AB01, L: MK3
_PM_POLL_PAD_HORZ_NONE_SKIP	= AB0D, L: MK3
_PM_POLL_PAD_HORZ_RIGHT_PVX_LIM	= AAE2, L: MK3
_PM_POLL_PAD_HORZ_RIGHT_PVX_SET	= AACD, L: MK3
_PM_POLL_PAD_HORZ_RIGHT_SKIP	= AAE2, L: MK3
_PM_VERT_MOVE_BOTB_DONE		= A804, L: MK3
_PM_VERT_MOVE_TOPB_DONE		= A7F5, L: MK3
_PM_VERT_V_COLL_DONE		= A8DC, L: MK3
_PM_VERT_V_DONE			= A8DC, L: MK3
_PM_VERT_V_NEG			= A843, L: MK3
_PM_VERT_V_NEG_COLLIDE		= A869, L: MK3
_PM_VERT_V_NEG_COLLIDE_ELSE	= A88F, L: MK3
_PM_VERT_V_POS			= A892, L: MK3
_PM_VERT_V_POS_COLLIDE		= A8B8, L: MK3
_PM_VERT_V_POS_COLLIDE_ELSE	= A8DC, L: MK3
_PM_VERT_V_ZERO			= A8DC, L: MK3
_PNUDE				= BDF0, G: MK3
_POBJS				= BDE7, G: MK3
_PPOSSEE			= C38E, G: MK3
_PREGOTTEN			= BDD2, G: MK3
_PRX				= C37A, G: MK3
_PRY				= C37B, G: MK3
_PSPRID				= C393, G: MK3
_PSTARS				= C391, G: MK3
_PSTATESPRADDER			= BDD3, G: MK3
_PSTEP				= BDFE, G: MK3
_PTHRUST			= C39C, G: MK3
_PTILE_GET_CTR			= C3A9, G: MK3
_PVX				= C37C, G: MK3
_PVY				= C37D, G: MK3
_PWASHIT			= C38A, G: MK3
_PX				= BDEA, G: MK3
_PY				= BDEC, G: MK3
_P_S				= 95F1, G: MK3
_P_T2				= 9913, G: MK3
_QUEUED_SOUND			= BDA2, G: MK3
_RAM_ADDRESS			= 90F0, G: MK3
_RAM_DESTINATION		= 90F2, G: MK3
_RAND8				= 911E, G: MK3
_RANDRES			= 911D, G: MK3
_RDA				= C363, G: MK3
_RDB				= C364, G: MK3
_RDC				= C365, G: MK3
_RDCH				= BF33, G: MK3
_RDCT				= BF3E, G: MK3
_RDD				= C366, G: MK3
_RDE				= C367, G: MK3
_RDF				= C368, G: MK3
_RDI				= C369, G: MK3
_RDS				= C370, G: MK3
_RDSINT				= C376, G: MK3
_RDT				= C371, G: MK3
_RDX				= C374, G: MK3
_RDXX				= BF61, G: MK3
_RDY				= C375, G: MK3
_RDYX				= BF62, G: MK3
_RDYY				= BF63, G: MK3
_SAFE_N_PANT			= BDA5, G: MK3
_SAFE_PRX			= C323, G: MK3
_SAFE_PRY			= C324, G: MK3
_SCR_RAND			= 9A48, G: MK3
_SEED1				= 9119, G: MK3
_SEED2				= 911B, G: MK3
_SET_MAP_TILE			= 9970, G: MK3
_SPRINGS_ON			= C3A7, G: MK3
_SPRITESCLIP			= BDAB, G: MK3
_SPRITESCLIPVALUES		= 5DF8, G: MK3
_SPRITE_CELLS			= 900F, G: MK3
_SPR_CUR			= C39D, G: MK3
_SPR_ID				= C390, G: MK3
_SPR_IDX			= C39B, G: MK3
_SPR_NEXT			= BD98, G: MK3
_SPR_ON				= C396, G: MK3
_SPR_X				= BE01, G: MK3
_SPR_Y				= BE06, G: MK3
_SP_SW				= BDF1, G: MK3
_SP_SW_COX			= BF43, G: MK3
_SP_SW_COY			= BF48, G: MK3
_SRAND				= 9145, G: MK3
_SS				= 7676, G: MK3
_SS_ENEMS			= 7D46, G: MK3
_SS_EXTRA			= 81C6, G: MK3
_SS_MAIN			= 7686, G: MK3
_SS_PUMPKIN			= 8346, G: MK3
_SS_SMALL			= 83D6, G: MK3
_SYSTEM_INIT			= 923E, G: MK3
_T1				= BDDF, G: MK3
_T2				= BDE0, G: MK3
_TICKER				= C378, G: MK3
_TILE_GOT			= BE17, G: MK3
_TILE_GOT_OFFSET		= BDE6, G: MK3
_TITLE_RLE			= 8CA6, G: MK3
_TM_CTR				= C385, G: MK3
_TS				= 6F6E, G: MK3
_TS0				= 7206, G: MK3
_TSLEVEL			= 74C6, L: MK3
_TSMAPS				= 74C6, G: MK3
_UNPACK				= 90F4, G: MK3
_UNRLE				= 9890, G: MK3
_UNRLE_ADV			= 9828, G: MK3
_UNRLE_C			= 9827, G: MK3
_UNRLE_X			= 9825, G: MK3
_UNRLE_Y			= 9826, G: MK3
_USE_CT				= C392, G: MK3
_U_FREE				= 9231, G: MK3
_U_MALLOC			= 922F, G: MK3
_WAIT_BUTTON			= 91D2, G: MK3
__D1				= BF5B, G: MK3
__D2				= BF5C, G: MK3
__EM_L_DONE			= A2C7, L: MK3
__EN_CT				= BDA9, G: MK3
__EN_MX				= BDBC, G: MK3
__EN_MY				= BDBD, G: MK3
__EN_STATE			= BF60, G: MK3
__EN_T				= BD95, G: MK3
__EN_X				= BD96, G: MK3
__EN_X1				= BDA3, G: MK3
__EN_X2				= BDA4, G: MK3
__EN_Y				= BD97, G: MK3
__EN_Y1				= BDA6, G: MK3
__EN_Y2				= BDA7, G: MK3
__E_D_BIG_LOOP			= A126, L: MK3
__E_D_BIG_LOOP_CONTINUE		= A532, L: MK3
__E_D_BIG_LOOP_UPDATE_AND_CONTI	= A52F, L: MK3
__E_D_CHECK_WASHIT		= A19B, L: MK3
__E_D_JUMPS_ON_ENEMIES		= A42E, L: MK3
__E_D_JUMPS_ON_ENEMIES_DO	= A43C, L: MK3
__E_D_JUMPS_ON_ENEMIES_DONE	= A44D, L: MK3
__E_D_LINEAR_DO			= A21A, L: MK3
__E_D_LINEAR_DONE		= A2CA, L: MK3
__E_D_LINEAR_DO_DO		= A223, L: MK3
__E_D_LOCAL_COPY		= A139, L: MK3
__E_D_NOT_DYING			= A1C8, L: MK3
__E_D_NOT_PLATFORM_0		= A212, L: MK3
__E_D_NOT_WASHIT		= A1D2, L: MK3
__E_D_NO_PAINT			= A5BB, L: MK3
__E_D_NO_SWITCH_OFF		= A1DD, L: MK3
__E_D_PAINT			= A54D, L: MK3
__E_D_PAINT_CHECK		= A538, L: MK3
__E_D_PAINT_JITTER		= A584, L: MK3
__E_D_PAINT_PROC		= A538, L: MK3
__E_D_PCOL_DO			= A4AF, L: MK3
__E_D_PCOL_DONE			= A52F, L: MK3
__E_D_PCOL_PRB_ABS_PVX_POS	= A4CE, L: MK3
__E_D_PCOL_PRB_ABS_PVY_POS	= A4C4, L: MK3
__E_D_PCOL_PRB_DO		= A4BB, L: MK3
__E_D_PCOL_PRB_DONE		= A527, L: MK3
__E_D_PCOL_PRB_DO_PVX		= A4D1, L: MK3
__E_D_PCOL_PRB_DO_PVY		= A4E6, L: MK3
__E_D_PCOL_PRB_ENPOS		= A4FB, L: MK3
__E_D_PCOL_PRB_ENPOS_CHECK_X	= A4FB, L: MK3
__E_D_PCOL_PRB_ENPOS_CHECK_Y	= A511, L: MK3
__E_D_PCOL_PRB_ENPOS_EN_X_BIGGE	= A50C, L: MK3
__E_D_PCOL_PRB_ENPOS_EN_Y_BIGGE	= A522, L: MK3
__E_D_PCOL_PRB_PVX_AS_P		= A4DF, L: MK3
__E_D_PCOL_PRB_PVY_AS_P		= A4F4, L: MK3
__E_D_PCOL_PREBOUNDS		= A4AF, L: MK3
__E_D_PLATFORM_CHECK		= A2CE, L: MK3
__E_D_PLATFORM_DO		= A2F4, L: MK3
__E_D_PLATFORM_DONE		= A3EA, L: MK3
__E_D_PLATFORM_HORZ_DO		= A2FA, L: MK3
__E_D_PLATFORM_HORZ_DONE	= A35B, L: MK3
__E_D_PLATFORM_PRECHECK		= A1E9, L: MK3
__E_D_PLATFORM_PRECHECK_DONE	= A213, L: MK3
__E_D_PLATFORM_VERT_DO		= A3A0, L: MK3
__E_D_PLATFORM_VERT_DONE	= A3E7, L: MK3
__E_D_PLATFORM_VERT_MY_NEGATIVE	= A366, L: MK3
__E_D_PLATFORM_VERT_MY_POSITIVE	= A382, L: MK3
__E_D_PLAYER_COLLISION		= A470, L: MK3
__E_D_PREGOTTEN_CALC		= A1ED, L: MK3
__E_D_PREGOTTEN_CALC_DO		= A209, L: MK3
__E_D_PREGOTTEN_CALC_DONE	= A20E, L: MK3
__E_D_STEP_AFFECT_DONE		= A45E, L: MK3
__E_D_STEP_BOUNCE_DONE		= A452, L: MK3
__E_D_STEP_KILLS_DONE		= A46D, L: MK3
__E_D_WASHIT_OR_DYING		= A1AB, L: MK3
__E_D_WASHIT_OR_DYING_DONE	= A1D2, L: MK3
__N				= BDE1, G: MK3
__T				= BDE2, G: MK3
__X				= BDE4, G: MK3
__Y				= BDE5, G: MK3
___D				= C308, G: MK3
___X				= C30E, G: MK3
___Y				= C30F, G: MK3


START				= 5DF2, L: ZX82_CRT0
_SPRITESCLIPVALUES		= 5DF8, G: MK3
_FSRECT				= 5DFC, G: MK3
_LEVEL0_MAP_C			= 5E00, G: MK3
_LEVEL0_LOCKS_C			= 61C3, G: MK3
_LEVEL0_ENEMS_C			= 61CE, G: MK3
_LEVEL0_HOTSPOTS_C		= 6296, G: MK3
_LEVEL0_TS_PATTERNS_C		= 62BE, G: MK3
_LEVEL0_TS_TILEMAPS_C		= 6501, G: MK3
_LEVEL0_BEHS_C			= 65E4, G: MK3
_LEVEL1_MAP_C			= 65F9, G: MK3
_LEVEL1_ENEMS_C			= 6AD4, G: MK3
_LEVEL1_HOTSPOTS_C		= 6B98, G: MK3
_LEVEL1_TS_PATTERNS_C		= 6BBD, G: MK3
_LEVEL1_TS_TILEMAPS_C		= 6E56, G: MK3
_LEVEL1_BEHS_C			= 6F3D, G: MK3
_LIBRARY			= 6F52, G: MK3
_TS				= 6F6E, G: MK3
_TS0				= 7206, G: MK3
_TSLEVEL			= 74C6, L: MK3
_TSMAPS				= 74C6, G: MK3
_BEHS				= 7646, G: MK3
_SS				= 7676, G: MK3
_SS_MAIN			= 7686, G: MK3
_SS_ENEMS			= 7D46, G: MK3
_SS_EXTRA			= 81C6, G: MK3
_SS_PUMPKIN			= 8346, G: MK3
_SS_SMALL			= 83D6, G: MK3
_MAP				= 8416, G: MK3
_LOCKS				= 8B82, G: MK3
_ENEMS				= 8B8E, G: MK3
_HOTSPOTS			= 8C7E, G: MK3
_TITLE_RLE			= 8CA6, G: MK3
_HUD_RLE			= 8E78, G: MK3
_ENDING_RLE			= 8F02, G: MK3
_LEVEL0				= 8FEF, G: MK3
_LEVEL1				= 8FFD, G: MK3
_LEVELS				= 900B, G: MK3
_SPRITE_CELLS			= 900F, G: MK3
_JITTER_BIG			= 9035, G: MK3
_BITMASK			= 9045, G: MK3
DEPACK				= 904D, L: MK3
APBRANCH1			= 9050, L: MK3
APLOOP0				= 9052, L: MK3
APLOOP				= 9055, L: MK3
APGET4BITS			= 9068, L: MK3
APWRITEBYTE			= 9072, L: MK3
APBRANCH4			= 9076, L: MK3
APBRANCH3			= 907F, L: MK3
APBRANCH2			= 9093, L: MK3
APSKIP2				= 90B2, L: MK3
APSKIP3				= 90BB, L: MK3
AP_FINISHUP			= 90BE, L: MK3
AP_FINISHUP2			= 90C1, L: MK3
AP_R0_GAMMA			= 90C8, L: MK3
AP_GETBIT			= 90D4, L: MK3
AP_GETGAMMA			= 90E0, L: MK3
AP_GETGAMMALOOP			= 90E3, L: MK3
_RAM_ADDRESS			= 90F0, G: MK3
_RAM_DESTINATION		= 90F2, G: MK3
_UNPACK				= 90F4, G: MK3
_SEED1				= 9119, G: MK3
_SEED2				= 911B, G: MK3
_RANDRES			= 911D, G: MK3
_RAND8				= 911E, G: MK3
RND				= 911E, L: MK3
_SRAND				= 9145, G: MK3
_PAD_READ			= 9152, G: MK3
I_11				= 9169, L: MK3
_MAP_BASE_ADDRESS		= 918B, G: MK3
_ALTER_MAP			= 919F, G: MK3
_BUTTON_PRESSED			= 91A0, G: MK3
I_13				= 91B9, L: MK3
I_12				= 91CE, L: MK3
I_14				= 91D1, L: MK3
_WAIT_BUTTON			= 91D2, G: MK3
I_15				= 91D2, L: MK3
I_17				= 91DA, L: MK3
I_16				= 91DA, L: MK3
I_18				= 91E2, L: MK3
_DELAY				= 91E3, G: MK3
I_19				= 91EA, L: MK3
I_20				= 91FD, L: MK3
_LIBRARIAN_GET_RESOURCE		= 91FE, G: MK3
I_21				= 9225, L: MK3
_MY_MALLOC			= 9226, G: MK3
_U_MALLOC			= 922F, G: MK3
_U_FREE				= 9231, G: MK3
_ISR				= 9235, G: MK3
_SYSTEM_INIT			= 923E, G: MK3
I_26				= 9293, L: MK3
I_24				= 92AF, L: MK3
I_25				= 92B7, L: MK3
I_27				= 92C9, L: MK3
I_28				= 9372, L: MK3
I_29				= 9379, L: MK3
I_30				= 9421, L: MK3
I_31				= 9428, L: MK3
I_32				= 945F, L: MK3
_CM_TWO_POINTS			= 9460, G: MK3
CM_TWO_POINTS_KEEP_COMPARING	= 9469, L: MK3
CM_TWO_POINTS_DO		= 9470, L: MK3
CM_TWO_POINTS_GO_ON		= 9478, L: MK3
CM_TWO_POINTS_AT1_1		= 947E, L: MK3
CM_TWO_POINTS_AT2_1		= 94A4, L: MK3
_COLLIDE			= 94C5, G: MK3
_COLLIDE_SET			= 94F5, L: MK3
_COLLIDE_RESET			= 94FA, L: MK3
_COLLIDE_DONE			= 94FD, L: MK3
_KEYSCANCODES			= 94FF, G: MK3
_CONTROLS_SETUP			= 9517, G: MK3
I_36				= 951C, L: MK3
I_37				= 9534, L: MK3
I_38				= 9534, L: MK3
I_39				= 9548, L: MK3
I_40				= 954B, L: MK3
I_41				= 95E1, L: MK3
I_42				= 95EA, L: MK3
I_35				= 95F0, L: MK3
_P_S				= 95F1, G: MK3
I_43				= 9600, L: MK3
I_45				= 962C, L: MK3
I_46				= 9652, L: MK3
I_44				= 9655, L: MK3
_DRAW_TILE			= 9656, G: MK3
I_47				= 96C7, L: MK3
I_49				= 9730, L: MK3
I_50				= 97DB, L: MK3
I_48				= 97DB, L: MK3
_ALL_SPRITES_OUT		= 97DC, G: MK3
I_51				= 97E3, L: MK3
I_52				= 9824, L: MK3
_UNRLE_X			= 9825, G: MK3
_UNRLE_Y			= 9826, G: MK3
_UNRLE_C			= 9827, G: MK3
_UNRLE_ADV			= 9828, G: MK3
I_53				= 984E, L: MK3
I_55				= 9864, L: MK3
I_54				= 9875, L: MK3
I_56				= 988F, L: MK3
_UNRLE				= 9890, G: MK3
I_57				= 98B4, L: MK3
I_61				= 98E6, L: MK3
I_60				= 98E6, L: MK3
I_62				= 98F6, L: MK3
I_59				= 98F9, L: MK3
I_63				= 9905, L: MK3
I_58				= 9908, L: MK3
_P_T2				= 9913, G: MK3
_SET_MAP_TILE			= 9970, G: MK3
_DRAW_TILE_ADVANCE		= 99B9, G: MK3
_DRAW_TILE_ADVANCE_NO_NEXT_LINE	= 99DE, L: MK3
_ADVANCE_WORM			= 99E2, G: MK3
I_65				= 9A01, L: MK3
I_66_I_65			= 9A04, L: MK3
I_64				= 9A0B, L: MK3
_SCR_RAND			= 9A48, G: MK3
_DRAW_SCR			= 9A67, G: MK3
_DRAW_SCR_RLE53			= 9A70, L: MK3
_DRAW_SCR_LOOP			= 9A7E, L: MK3
_DRAW_SCR_ADVANCE_LOOP		= 9A97, L: MK3
_DRAW_SCR_ADVANCE_LOOP_DONE	= 9AA8, L: MK3
_DRAW_SCR_LOOP_DONE		= 9AAD, L: MK3
I_67				= 9AE3, L: MK3
I_69				= 9AF0, L: MK3
I_72				= 9B02, L: MK3
I_70				= 9B02, L: MK3
I_73				= 9B84, L: MK3
I_74				= 9B98, L: MK3
I_71				= 9B9B, L: MK3
I_68				= 9BA8, L: MK3
_DRAW_SCR_BUFFER		= 9BA9, G: MK3
I_75				= 9BC1, L: MK3
I_76				= 9BE7, L: MK3
_HOTSPOTS_INI			= 9BE8, G: MK3
_HOTSPOTS_INI_LOOP		= 9BEF, L: MK3
_HOTSPOTS_PAINT			= 9BF4, G: MK3
_HOTSPOTS_LOAD			= 9C20, G: MK3
_HOTSPOTS_LOAD_RESET		= 9C56, L: MK3
_HOTSPOTS_DO			= 9C5C, G: MK3
_HOTSPOTS_DO_SELECTOR		= 9C87, L: MK3
_HOTSPOTS_DO_TYPE_REFILL	= 9C99, L: MK3
_HOTSPOTS_DO_TYPE_REFILL_DONE	= 9CA5, L: MK3
_HOTSPOTS_DO_TYPE_OBJECT	= 9CAB, L: MK3
_HOTSPOTS_DO_TYPE_OBJECT_NOT_SE	= 9CB8, L: MK3
_HOTSPOTS_DO_TYPE_OBJECT_ONE_DO	= 9CBD, L: MK3
_HOTSPOTS_DO_TYPE_KEY		= 9CC0, L: MK3
_HOTSPOTS_DO_SELECTOR_DONE	= 9CCA, L: MK3
_BOLTS_LOAD			= 9D1D, G: MK3
I_77				= 9D24, L: MK3
I_78				= 9D3F, L: MK3
_BOLTS_CLEAR_BOLT		= 9D40, G: MK3
I_79				= 9D50, L: MK3
I_81				= 9D55, L: MK3
I_83				= 9D97, L: MK3
I_84_I_83			= 9D9A, L: MK3
I_82				= 9DAC, L: MK3
I_80				= 9DAF, L: MK3
_BOLTS_UPDATE_SCREEN		= 9DB0, G: MK3
I_85				= 9DC0, L: MK3
I_87				= 9DC5, L: MK3
I_89				= 9E05, L: MK3
I_90_I_89			= 9E08, L: MK3
I_88				= 9E33, L: MK3
I_86				= 9E36, L: MK3
_ENEMS_RESTORE_VALS		= 9E37, G: MK3
_ENEMS_PERSISTENT_DEATHS_INIT	= 9E8E, G: MK3
I_91				= 9E95, L: MK3
I_92				= 9EB7, L: MK3
_ENEMS_LOAD			= 9EB8, G: MK3
_ENEMS_LOAD_BIG_LOOP		= 9EDB, L: MK3
_ENEMS_LOAD_DO			= 9EFF, L: MK3
_ENEMS_LOAD_T_ASSIGNATIONS	= 9FA7, L: MK3
_ENEMS_LOAD_T_ASSIGNATIONS_JT	= 9FAA, L: MK3
_ENEMS_LOAD_T_20		= 9FB7, L: MK3
_ENEMS_LOAD_T_10_MX		= 9FB7, L: MK3
_ENEMS_LOAD_T_10		= 9FB7, L: MK3
_ENEMS_LOAD_T_10_X1_BIGGER	= 9FC3, L: MK3
_ENEMS_LOAD_T_10_X1_SAME	= 9FCA, L: MK3
_ENEMS_LOAD_T_10_X1_SMALLER	= 9FCD, L: MK3
_ENEMS_LOAD_T_10_MX_DONE	= 9FD0, L: MK3
_ENEMS_LOAD_T_10_MY		= 9FD3, L: MK3
_ENEMS_LOAD_T_10_Y1_BIGGER	= 9FDF, L: MK3
_ENEMS_LOAD_T_10_Y1_SAME	= 9FE6, L: MK3
_ENEMS_LOAD_T_10_Y1_SMALLER	= 9FE9, L: MK3
_ENEMS_LOAD_T_10_MY_DONE	= 9FEC, L: MK3
_ENEMS_LOAD_T_10_NOT_SWAP_YX	= A001, L: MK3
_ENEMS_LOAD_T_10_NOT_SWAP_XX	= A013, L: MK3
_ENEMS_LOAD_T_ASSIGNATIONS_DONE	= A0A7, L: MK3
_ENEMS_LOAD_CONTINUE		= A0B5, L: MK3
_ENEMS_DRAIN			= A0CA, G: MK3
_ENEMS_DRAIN_KILL		= A0EF, L: MK3
_ENEMS_DRAIN_KILL_GENERAL	= A0F5, L: MK3
_ENEMS_KILL_STORE		= A105, L: MK3
_ENEMS_DRAIN_HONK		= A11A, L: MK3
_ENEMS_DO			= A124, G: MK3
__E_D_BIG_LOOP			= A126, L: MK3
__E_D_LOCAL_COPY		= A139, L: MK3
__E_D_CHECK_WASHIT		= A19B, L: MK3
__E_D_WASHIT_OR_DYING		= A1AB, L: MK3
__E_D_NOT_DYING			= A1C8, L: MK3
__E_D_WASHIT_OR_DYING_DONE	= A1D2, L: MK3
__E_D_NOT_WASHIT		= A1D2, L: MK3
__E_D_NO_SWITCH_OFF		= A1DD, L: MK3
__E_D_PLATFORM_PRECHECK		= A1E9, L: MK3
__E_D_PREGOTTEN_CALC		= A1ED, L: MK3
__E_D_PREGOTTEN_CALC_DO		= A209, L: MK3
__E_D_PREGOTTEN_CALC_DONE	= A20E, L: MK3
__E_D_NOT_PLATFORM_0		= A212, L: MK3
__E_D_PLATFORM_PRECHECK_DONE	= A213, L: MK3
_ENEMS_UPDATE_DO		= A217, L: MK3
__E_D_LINEAR_DO			= A21A, L: MK3
__E_D_LINEAR_DO_DO		= A223, L: MK3
_ENEM_LINEAR_ASSEMBLY_H		= A223, L: MK3
_EM_L				= A223, L: MK3
_EM_L_HORZ_TRAJECTORY_LIMIT	= A25C, L: MK3
_EM_L_NO_HORZ_TRAJECTORY_LIMIT	= A264, L: MK3
_EM_L_VERT_ABS_SKIP_1		= A280, L: MK3
_EM_L_NO_SURPASS_Y1		= A282, L: MK3
_EM_L_VERT_ABS_SKIP_2		= A298, L: MK3
_EM_L_NO_SURPASS_Y2		= A298, L: MK3
_EM_L_NO_VERT_TRAJECTORY_LIMIT	= A298, L: MK3
_EM_L_NOT_A_PLATFORM		= A2A3, L: MK3
_EM_L_CELL_VERTICAL		= A2AE, L: MK3
_ENEMS_LINEAR_CELL_SET		= A2B1, L: MK3
_EM_L_SPR_ID_SET		= A2C4, L: MK3
__EM_L_DONE			= A2C7, L: MK3
__E_D_LINEAR_DONE		= A2CA, L: MK3
_ENEMS_UPDATE_DONE		= A2CA, L: MK3
__E_D_PLATFORM_CHECK		= A2CE, L: MK3
__E_D_PLATFORM_DO		= A2F4, L: MK3
__E_D_PLATFORM_HORZ_DO		= A2FA, L: MK3
__E_D_PLATFORM_HORZ_DONE	= A35B, L: MK3
__E_D_PLATFORM_VERT_MY_NEGATIVE	= A366, L: MK3
__E_D_PLATFORM_VERT_MY_POSITIVE	= A382, L: MK3
__E_D_PLATFORM_VERT_DO		= A3A0, L: MK3
__E_D_PLATFORM_VERT_DONE	= A3E7, L: MK3
__E_D_PLATFORM_DONE		= A3EA, L: MK3
__E_D_JUMPS_ON_ENEMIES		= A42E, L: MK3
__E_D_JUMPS_ON_ENEMIES_DO	= A43C, L: MK3
__E_D_JUMPS_ON_ENEMIES_DONE	= A44D, L: MK3
__E_D_STEP_BOUNCE_DONE		= A452, L: MK3
__E_D_STEP_AFFECT_DONE		= A45E, L: MK3
__E_D_STEP_KILLS_DONE		= A46D, L: MK3
__E_D_PLAYER_COLLISION		= A470, L: MK3
__E_D_PCOL_PREBOUNDS		= A4AF, L: MK3
__E_D_PCOL_DO			= A4AF, L: MK3
__E_D_PCOL_PRB_DO		= A4BB, L: MK3
__E_D_PCOL_PRB_ABS_PVY_POS	= A4C4, L: MK3
__E_D_PCOL_PRB_ABS_PVX_POS	= A4CE, L: MK3
__E_D_PCOL_PRB_DO_PVX		= A4D1, L: MK3
__E_D_PCOL_PRB_PVX_AS_P		= A4DF, L: MK3
__E_D_PCOL_PRB_DO_PVY		= A4E6, L: MK3
__E_D_PCOL_PRB_PVY_AS_P		= A4F4, L: MK3
__E_D_PCOL_PRB_ENPOS_CHECK_X	= A4FB, L: MK3
__E_D_PCOL_PRB_ENPOS		= A4FB, L: MK3
__E_D_PCOL_PRB_ENPOS_EN_X_BIGGE	= A50C, L: MK3
__E_D_PCOL_PRB_ENPOS_CHECK_Y	= A511, L: MK3
__E_D_PCOL_PRB_ENPOS_EN_Y_BIGGE	= A522, L: MK3
__E_D_PCOL_PRB_DONE		= A527, L: MK3
__E_D_PCOL_DONE			= A52F, L: MK3
__E_D_BIG_LOOP_UPDATE_AND_CONTI	= A52F, L: MK3
__E_D_BIG_LOOP_CONTINUE		= A532, L: MK3
__E_D_PAINT_PROC		= A538, L: MK3
__E_D_PAINT_CHECK		= A538, L: MK3
__E_D_PAINT			= A54D, L: MK3
__E_D_PAINT_JITTER		= A584, L: MK3
__E_D_NO_PAINT			= A5BB, L: MK3
_PLAYER_REGISTER_SAFE_SPOT	= A5BC, G: MK3
_PLAYER_RESTORE_SAFE_SPOT	= A5D2, G: MK3
_PLAYER_RESET_MOVEMENT		= A604, G: MK3
_PLAYER_PROCESS_BLOCK		= A61B, G: MK3
I_93				= A627, L: MK3
I_94				= A654, L: MK3
I_95				= A684, L: MK3
I_96				= A684, L: MK3
_PLAYER_INIT			= A685, G: MK3
_PLAYER_HIT			= A6E4, G: MK3
I_97				= A706, L: MK3
I_98				= A71D, L: MK3
I_99				= A724, L: MK3
_PLAYER_MOVE			= A731, G: MK3
_PLAYER_MOVE_GL_00		= A739, L: MK3
_PLAYER_MOVE_GL_01		= A741, L: MK3
I_102				= A78F, L: MK3
I_103				= A7A1, L: MK3
I_101				= A7A4, L: MK3
I_105				= A7C2, L: MK3
I_106				= A7D4, L: MK3
I_104				= A7D4, L: MK3
I_100				= A7D4, L: MK3
_PM_VERT_MOVE_TOPB_DONE		= A7F5, L: MK3
_PM_VERT_MOVE_BOTB_DONE		= A804, L: MK3
_PM_VERT_V_NEG			= A843, L: MK3
_PM_VERT_V_NEG_COLLIDE		= A869, L: MK3
_PM_VERT_V_NEG_COLLIDE_ELSE	= A88F, L: MK3
_PM_VERT_V_POS			= A892, L: MK3
_PM_VERT_V_POS_COLLIDE		= A8B8, L: MK3
_PM_VERT_V_ZERO			= A8DC, L: MK3
_PM_VERT_V_COLL_DONE		= A8DC, L: MK3
_PM_VERT_V_POS_COLLIDE_ELSE	= A8DC, L: MK3
_PM_VERT_V_DONE			= A8DC, L: MK3
I_107				= A909, L: MK3
I_109				= A92C, L: MK3
I_110				= A92F, L: MK3
I_112				= A940, L: MK3
I_111				= A947, L: MK3
I_115				= A977, L: MK3
I_116				= A996, L: MK3
I_117				= A9A5, L: MK3
I_114				= A9A5, L: MK3
I_119				= A9CF, L: MK3
I_124				= A9FF, L: MK3
I_126				= AA24, L: MK3
I_122				= AA24, L: MK3
I_123				= AA24, L: MK3
I_121				= AA24, L: MK3
I_127				= AA3F, L: MK3
I_128				= AA3F, L: MK3
I_118				= AA42, L: MK3
I_131				= AA69, L: MK3
I_129				= AA70, L: MK3
I_130				= AA70, L: MK3
_PM_POLL_PAD_HORZ_LEFT_PVX_SET	= AA90, L: MK3
_PM_POLL_PAD_HORZ_LEFT_SKIP	= AAA5, L: MK3
_PM_POLL_PAD_HORZ_LEFT_PVX_LIMI	= AAA5, L: MK3
I_132				= AAAD, L: MK3
_PM_POLL_PAD_HORZ_RIGHT_PVX_SET	= AACD, L: MK3
_PM_POLL_PAD_HORZ_RIGHT_PVX_LIM	= AAE2, L: MK3
_PM_POLL_PAD_HORZ_RIGHT_SKIP	= AAE2, L: MK3
I_134				= AAEA, L: MK3
_PM_POLL_PAD_HORZ_NONE_NEGATIVE	= AAF5, L: MK3
_PM_POLL_PAD_HORZ_NONE_POSITIVE	= AB01, L: MK3
_PM_POLL_PAD_HORZ_NONE_DONE	= AB0A, L: MK3
_PM_POLL_PAD_HORZ_NONE_SKIP	= AB0D, L: MK3
I_135				= AB0D, L: MK3
I_133				= AB0D, L: MK3
_PM_HORZ_MOVE_PGOTTEN_DONE	= AB1F, L: MK3
_PM_HORZ_MOVE_LEFB_DONE		= AB3C, L: MK3
_PM_HORZ_MOVE_RIGB_DONE		= AB4B, L: MK3
_PM_HORZ_V_NEG			= AB8C, L: MK3
_PM_HORZ_V_NEG_COLLIDE		= ABB0, L: MK3
_PM_HORZ_V_NEG_COLLIDE_ELSE	= ABD1, L: MK3
_PM_HORZ_V_POS			= ABD4, L: MK3
_PM_HORZ_V_POS_COLLIDE		= ABFA, L: MK3
_PM_HORZ_V_POS_COLLIDE_ELSE	= AC1D, L: MK3
_PM_HORZ_V_COLL_DONE		= AC1D, L: MK3
_PM_HORZ_PROCESS_BLOCK		= AC1D, L: MK3
_PM_HORZ_PROCESS_BLOCK_1_DO	= AC26, L: MK3
_PM_HORZ_PROCESS_BLOCK_1_DONE	= AC3A, L: MK3
_PM_HORZ_PROCESS_BLOCK_2_DO	= AC4D, L: MK3
_PM_HORZ_PROCESS_BLOCK_2_DONE	= AC60, L: MK3
_PM_HORZ_V_ZERO			= AC63, L: MK3
_PM_HORZ_V_ZERO_DONE		= AC7D, L: MK3
_PM_HORZ_V_DONE			= AC7D, L: MK3
I_137				= ACF4, L: MK3
I_136				= AD43, L: MK3
I_139				= AD64, L: MK3
I_140				= AD7B, L: MK3
I_138				= AD7B, L: MK3
I_141				= AD92, L: MK3
I_142				= AD99, L: MK3
I_144				= ADAE, L: MK3
I_145_I_144			= ADB1, L: MK3
I_143				= ADC3, L: MK3
I_148				= ADDF, L: MK3
I_149				= ADE5, L: MK3
I_150				= AE1B, L: MK3
I_151				= AE1B, L: MK3
I_147				= AE34, L: MK3
I_152				= AE3B, L: MK3
I_146				= AE3B, L: MK3
I_153				= AE53, L: MK3
I_154				= AE56, L: MK3
_ADD_PUMPKIN_FACING_RIGHT	= AE9F, L: MK3
_ADD_PUMPKIN_FACING_LEFT	= AEA4, L: MK3
_ADD_PUMPKIN_FACING_DONE	= AEA7, L: MK3
_ADD_PUMPKIN_SET_X		= AEAC, L: MK3
_ADD_PUMPKIN_SET_Y		= AEBA, L: MK3
I_155				= AECA, L: MK3
I_156				= AED2, L: MK3
_HUD_UPDATE			= AED3, G: MK3
HUD_UPDATE_SKIP_PBODYCOUNT	= AF05, L: MK3
HUD_UPDATE_SKIP_PLIFE		= AF23, L: MK3
HUD_UPDATE_SKIP_PTILE_GET_CTR	= AF46, L: MK3
HUD_UPDATE_SKIP_POBJS		= AF6F, L: MK3
HUD_UPDATE_SKIP_PKEYS		= AF8D, L: MK3
_LEVEL_SETUP			= AF8E, G: MK3
_GAME_SHUTDOWN_SPRITES		= B035, G: MK3
I_157				= B03C, L: MK3
I_158				= B057, L: MK3
_GAME_INIT			= B058, G: MK3
_GAME_PREPARE_SCREEN		= B0E8, G: MK3
I_160				= B0FF, L: MK3
I_159				= B0FF, L: MK3
_GAME_LOOP			= B106, G: MK3
I_161				= B11F, L: MK3
_ML_FLICK_SCREEN_HORZ_ELSE	= B15B, L: MK3
_ML_FLICK_SCREEN_HORZ_DONE	= B182, L: MK3
_ML_FLICK_SCREEN_VERT_CONTINUE1	= B18B, L: MK3
_ML_FLICK_SCREEN_UP_VY_BOOST	= B1AC, L: MK3
_ML_FLICK_SCREEN_UP_VY_BOOST_DO	= B1BC, L: MK3
_ML_FLICK_SCREEN_VERT_ELSE	= B1C4, L: MK3
_ML_FLICK_SCREEN_VERT_DONE	= B1F2, L: MK3
_MK_FLICK			= B1F2, L: MK3
_ML_FLICK_SKIP			= B229, L: MK3
_MLTRS				= B243, L: MK3
I_163				= B257, L: MK3
MAIN_LOOP_ISRC_WAIT		= B27A, L: MK3
_MAIN_LOOP_CUSTOM_LEVEL_0	= B28B, L: MK3
_MAIN_LOOP_CUSTOM_LEVEL_1	= B2A1, L: MK3
_MAIN_LOOP_CUSTOM_LEVEL_1_TOTEM	= B2A9, L: MK3
_MAIN_LOOP_CUSTOM_LEVEL_0_TOTEM	= B2B2, L: MK3
_MAIN_LOOP_CUSTOM_LEVEL_X_TOTEM	= B2B9, L: MK3
_MAIN_LOOP_CUSTOM_END		= B2E1, L: MK3
I_165				= B2F8, L: MK3
I_166_I_165			= B2FB, L: MK3
I_167				= B2FE, L: MK3
I_164				= B2FE, L: MK3
I_168				= B305, L: MK3
I_171				= B38F, L: MK3
I_172				= B392, L: MK3
I_173				= B3A6, L: MK3
I_174				= B3A9, L: MK3
I_170				= B437, L: MK3
I_175				= B463, L: MK3
I_169				= B466, L: MK3
I_176				= B482, L: MK3
I_177				= B48C, L: MK3
I_178				= B49A, L: MK3
I_180				= B4C7, L: MK3
I_181_I_180			= B4CA, L: MK3
I_179				= B4D1, L: MK3
I_162				= B4D4, L: MK3
_GAME_TITLE			= B4D8, G: MK3
I_182				= B4FE, L: MK3
I_185_UGE			= B512, L: MK3
I_185				= B51B, L: MK3
I_184				= B51B, L: MK3
I_183				= B51E, L: MK3
I_186_I_185			= B51E, L: MK3
I_187				= B531, L: MK3
_GAME_OVER			= B535, G: MK3
_GAME_LEVEL			= B579, G: MK3
_GAME_ENDING			= B5DC, G: MK3
_MAIN				= B625, G: MK3
I_188				= B628, L: MK3
I_190				= B641, L: MK3
I_192				= B65B, L: MK3
I_194				= B671, L: MK3
I_193				= B677, L: MK3
I_195				= B677, L: MK3
I_191				= B67A, L: MK3
I_189				= B67D, L: MK3
PLAY_MUSIC			= B67E, L: MK3
PLAYER				= B6A2, L: MK3
NEXT_PATTERN			= B6C3, L: MK3
PATTERN_LOOP_END		= B6C9, L: MK3
PATTERN_LOOP_BEGIN		= B6CD, L: MK3
NO_PATTERN_LOOP			= B6CE, L: MK3
MAIN_LOOP			= B6D7, L: MK3
READ_LOOP			= B6DA, L: MK3
CURRENT_INST			= B719, L: MK3
L8098				= B722, L: MK3
L809B				= B725, L: MK3
SET_NOTE2			= B74B, L: MK3
SET_STOP			= B75F, L: MK3
SET_STOP2			= B778, L: MK3
OTHER				= B783, L: MK3
INSTRUM_TBL			= B79A, L: MK3
SKIP_CH1			= B7A3, L: MK3
EXIT_PLAYER			= B7A9, L: MK3
RENDER				= B7B1, L: MK3
CNT_1A				= B7BB, L: MK3
CNT_1B				= B7BF, L: MK3
DIV_1A				= B7C2, L: MK3
DIV_1B				= B7C5, L: MK3
OUT_1				= B7C8, L: MK3
CNT_2				= B7CC, L: MK3
DIV_2				= B7CF, L: MK3
OUT_2				= B7D2, L: MK3
PLAY_NOTE			= B7D3, L: MK3
PLAYER_WAIT_KEY			= B7DA, L: MK3
L8168				= B7DF, L: MK3
L8171				= B7E8, L: MK3
L8173				= B7EA, L: MK3
L8179				= B7F0, L: MK3
L817B				= B7F2, L: MK3
L8184				= B7FB, L: MK3
L8186				= B7FD, L: MK3
L818A				= B801, L: MK3
L8193				= B80A, L: MK3
L8195				= B80C, L: MK3
L819B				= B812, L: MK3
L819D				= B814, L: MK3
L81A6				= B81D, L: MK3
L81A8				= B81F, L: MK3
L81AC				= B823, L: MK3
L81B5				= B82C, L: MK3
L81B7				= B82E, L: MK3
L81BD				= B834, L: MK3
L81BF				= B836, L: MK3
L81C8				= B83F, L: MK3
L81CA				= B841, L: MK3
L81CE				= B845, L: MK3
L81D7				= B84E, L: MK3
L81D9				= B850, L: MK3
L81DF				= B856, L: MK3
L81E1				= B858, L: MK3
L81EA				= B861, L: MK3
L81EC				= B863, L: MK3
L81F9				= B870, L: MK3
L81FB				= B872, L: MK3
L8201				= B878, L: MK3
L8203				= B87A, L: MK3
L820C				= B883, L: MK3
L820E				= B885, L: MK3
DRUMS				= B89E, L: MK3
DRUM_TONE1			= B8AB, L: MK3
DRUM_TONE2			= B8AF, L: MK3
DRUM_TONE3			= B8B3, L: MK3
DRUM_TONE4			= B8B7, L: MK3
DRUM_TONE5			= B8BB, L: MK3
DRUM_TONE6			= B8BF, L: MK3
DRUM_TONE			= B8C1, L: MK3
DT_LOOP0			= B8C8, L: MK3
DT_LOOP1			= B8D5, L: MK3
DRUM_NOISE1			= B8DE, L: MK3
DRUM_NOISE2			= B8E6, L: MK3
DRUM_NOISE3			= B8EE, L: MK3
DRUM_NOISE			= B8F4, L: MK3
DN_LOOP0			= B8F8, L: MK3
DN_LOOP1			= B900, L: MK3
PATTERN_ADDR			= B90C, L: MK3
PATTERN_PTR			= B90E, L: MK3
NOTE_PTR			= B90F, L: MK3
FREQ_TABLE			= B911, L: MK3
DRUM_TABLE			= B989, L: MK3
MUSICDATA			= B99B, L: MK3
PATTERNDATA			= B9AB, L: MK3
PAT0				= B9DB, L: MK3
PAT1				= BA1A, L: MK3
PAT2				= BA59, L: MK3
PAT3				= BA98, L: MK3
PAT4				= BAD9, L: MK3
PAT5				= BB19, L: MK3
PAT6				= BB58, L: MK3
PAT7				= BB73, L: MK3
PAT8				= BBB2, L: MK3
SOUND_PLAY			= BBE6, L: MK3
READDATA			= BC03, L: MK3
SFXROUTINESAMPLE		= BC24, L: MK3
SFXRS0				= BC25, L: MK3
SFXRS1				= BC29, L: MK3
SFXRS2				= BC2C, L: MK3
SFXROUTINESAMPLEBORDER		= BC34, L: MK3
NEXTDATA			= BC42, L: MK3
SFXROUTINETONE			= BC46, L: MK3
SFXRT0				= BC55, L: MK3
SFXRT1				= BC59, L: MK3
SFXROUTINETONEDUTY		= BC5B, L: MK3
SFXROUTINETONEBORDER		= BC60, L: MK3
SFXROUTINENOISE			= BC85, L: MK3
SFXRN0				= BC8C, L: MK3
SFXRN1				= BC90, L: MK3
SFXROUTINENOISEBORDER		= BC93, L: MK3
SFXRN2				= BCA0, L: MK3
SOUNDEFFECTSDATA		= BCB4, L: MK3
SFXDATA				= BCB4, L: MK3
SOUNDEFFECT0DATA		= BCC2, L: MK3
SOUNDEFFECT1DATA		= BCCE, L: MK3
SOUNDEFFECT2DATA		= BCDA, L: MK3
SOUNDEFFECT3DATA		= BCE2, L: MK3
SOUNDEFFECT4DATA		= BCF5, L: MK3
SOUNDEFFECT5DATA		= BD08, L: MK3
SOUNDEFFECT6DATA		= BD1F, L: MK3
_ASM_BEEPFX			= BD27, G: MK3
_BEEP_FX			= BD28, G: MK3
I_1				= BD45, L: MK3
_OPTILE_GET_CTR			= BD94, G: MK3
__EN_T				= BD95, G: MK3
__EN_X				= BD96, G: MK3
__EN_Y				= BD97, G: MK3
_SPR_NEXT			= BD98, G: MK3
_QUEUED_SOUND			= BDA2, G: MK3
__EN_X1				= BDA3, G: MK3
__EN_X2				= BDA4, G: MK3
_SAFE_N_PANT			= BDA5, G: MK3
__EN_Y1				= BDA6, G: MK3
__EN_Y2				= BDA7, G: MK3
_GENFLIPFLOP			= BDA8, G: MK3
__EN_CT				= BDA9, G: MK3
_OBJS_TAKEN_I			= BDAA, G: MK3
_SPRITESCLIP			= BDAB, G: MK3
_EN_X1				= BDAD, G: MK3
_FLIP_FLOP			= BDB0, G: MK3
_EN_Y1				= BDB1, G: MK3
_EN_X2				= BDB4, G: MK3
_EN_Y2				= BDB7, G: MK3
_HALF_LIFE			= BDBA, G: MK3
_PEMMERALDS			= BDBB, G: MK3
__EN_MX				= BDBC, G: MK3
__EN_MY				= BDBD, G: MK3
_EN_HL				= BDBE, G: MK3
_EN_CT				= BDC1, G: MK3
_EN_FR				= BDC4, G: MK3
_FLAGS				= BDC5, G: MK3
_EN_MX				= BDC9, G: MK3
_EN_FACING			= BDCC, G: MK3
_EN_MY				= BDCF, G: MK3
_PREGOTTEN			= BDD2, G: MK3
_PSTATESPRADDER			= BDD3, G: MK3
_PFACING			= BDD4, G: MK3
_LKACT				= BDD5, G: MK3
_GPINT				= BDD9, G: MK3
_EVIL_TILE_HIT			= BDDB, G: MK3
_GUAY_CT			= BDDC, G: MK3
_LEVEL				= BDDD, G: MK3
_NO_CT				= BDDE, G: MK3
_T1				= BDDF, G: MK3
_T2				= BDE0, G: MK3
__N				= BDE1, G: MK3
__T				= BDE2, G: MK3
_PLIFE				= BDE3, G: MK3
__X				= BDE4, G: MK3
__Y				= BDE5, G: MK3
_TILE_GOT_OFFSET		= BDE6, G: MK3
_POBJS				= BDE7, G: MK3
_PJ				= BDE8, G: MK3
_PKEYS				= BDE9, G: MK3
_PX				= BDEA, G: MK3
_PY				= BDEC, G: MK3
_PGTMX				= BDEE, G: MK3
_PGTMY				= BDEF, G: MK3
_PNUDE				= BDF0, G: MK3
_SP_SW				= BDF1, G: MK3
_C_LEVEL			= BDFB, G: MK3
_IS_PLATFORM			= BDFD, G: MK3
_PSTEP				= BDFE, G: MK3
_GP_GEN				= BDFF, G: MK3
_SPR_X				= BE01, G: MK3
_SPR_Y				= BE06, G: MK3
_FIRST_TIME			= BE0B, G: MK3
_PCHARACTER			= BE0C, G: MK3
_GP_AUX				= BE0D, G: MK3
_GP_MAP				= BE0F, G: MK3
_ON_PANT			= BE11, G: MK3
_PFIRING			= BE12, G: MK3
_GP_INT				= BE13, G: MK3
_ENOFFS				= BE15, G: MK3
_PAD_THIS_FRAME			= BE16, G: MK3
_TILE_GOT			= BE17, G: MK3
_PAD0				= BF07, G: MK3
_HACT				= BF08, G: MK3
_N_PANT				= BF1C, G: MK3
_EN_S				= BF1D, G: MK3
_EN_T				= BF20, G: MK3
_EN_X				= BF23, G: MK3
_EN_Y				= BF26, G: MK3
_HITTER_X			= BF29, G: MK3
_HITTER_Y			= BF2A, G: MK3
_C_LEVEL_MAP_W			= BF2B, G: MK3
_PKILLED			= BF2C, G: MK3
_JOYFUNC			= BF2D, G: MK3
_KEY_JUMP			= BF2F, G: MK3
_GPIT				= BF31, G: MK3
_GPJT				= BF32, G: MK3
_RDCH				= BF33, G: MK3
_KEYS				= BF34, G: MK3
_RDCT				= BF3E, G: MK3
_ISRC				= BF3F, G: MK3
_PCTJ				= BF40, G: MK3
_PJUSTJUMPED			= BF41, G: MK3
_PHIT				= BF42, G: MK3
_SP_SW_COX			= BF43, G: MK3
_SP_SW_COY			= BF48, G: MK3
_PBODYCOUNT			= BF4D, G: MK3
_OPBODYCOUNT			= BF4E, G: MK3
_ENSCLIPRECTS			= BF4F, G: MK3
__D1				= BF5B, G: MK3
__D2				= BF5C, G: MK3
_PINV				= BF5D, G: MK3
_PGOTTEN			= BF5E, G: MK3
_ENCELLOFFSET			= BF5F, G: MK3
__EN_STATE			= BF60, G: MK3
_RDXX				= BF61, G: MK3
_RDYX				= BF62, G: MK3
_RDYY				= BF63, G: MK3
_DYNAMIC_MEMORY_POOL		= BF64, G: MK3
_AT1				= C307, G: MK3
___D				= C308, G: MK3
_AT2				= C309, G: MK3
_CX1				= C30A, G: MK3
_CX2				= C30B, G: MK3
_CY1				= C30C, G: MK3
_CY2				= C30D, G: MK3
___X				= C30E, G: MK3
___Y				= C30F, G: MK3
_PFRAME				= C310, G: MK3
_PFIXCT				= C311, G: MK3
_DO_GAME			= C312, G: MK3
_OBJS_TAKEN			= C313, G: MK3
_EN_DYING			= C31F, G: MK3
_OLEVEL				= C322, G: MK3
_SAFE_PRX			= C323, G: MK3
_SAFE_PRY			= C324, G: MK3
_PAD				= C325, G: MK3
_FRAME_COUNTER			= C326, G: MK3
_EP_KILLED			= C327, G: MK3
_RDA				= C363, G: MK3
_RDB				= C364, G: MK3
_RDC				= C365, G: MK3
_RDD				= C366, G: MK3
_RDE				= C367, G: MK3
_RDF				= C368, G: MK3
_RDI				= C369, G: MK3
_PJB				= C36A, G: MK3
_PCX				= C36B, G: MK3
_PCY				= C36D, G: MK3
_HRX				= C36F, G: MK3
_RDS				= C370, G: MK3
_RDT				= C371, G: MK3
_HRY				= C372, G: MK3
_HRT				= C373, G: MK3
_RDX				= C374, G: MK3
_RDY				= C375, G: MK3
_RDSINT				= C376, G: MK3
_TICKER				= C378, G: MK3
_OPLIFE				= C379, G: MK3
_PRX				= C37A, G: MK3
_PRY				= C37B, G: MK3
_PVX				= C37C, G: MK3
_PVY				= C37D, G: MK3
_EN_LIFE			= C37E, G: MK3
_OPOBJS				= C381, G: MK3
_EN_WASHIT			= C382, G: MK3
_TM_CTR				= C385, G: MK3
_OPKEYS				= C386, G: MK3
_MAX_HOTSPOTS_TYPE_1		= C387, G: MK3
_PFLICKERING			= C388, G: MK3
_OPSTARS			= C389, G: MK3
_PWASHIT			= C38A, G: MK3
_EN_STATE			= C38B, G: MK3
_PPOSSEE			= C38E, G: MK3
_HITTER_FRAME			= C38F, G: MK3
_SPR_ID				= C390, G: MK3
_PSTARS				= C391, G: MK3
_USE_CT				= C392, G: MK3
_PSPRID				= C393, G: MK3
_HITTER_HS_X			= C394, G: MK3
_HITTER_HS_Y			= C395, G: MK3
_SPR_ON				= C396, G: MK3
_SPR_IDX			= C39B, G: MK3
_PTHRUST			= C39C, G: MK3
_SPR_CUR			= C39D, G: MK3
_SPRINGS_ON			= C3A7, G: MK3
_HL_PROC			= C3A8, G: MK3
_PTILE_GET_CTR			= C3A9, G: MK3
L_AND				= C3AA, G: L_AND
L_ASL				= C3B1, G: L_ASL
L_ASL1				= C3B2, L: L_ASL
L_ASR				= C3B8, G: L_ASR
L_ASR1				= C3B9, L: L_ASR
L_ASR_U				= C3C2, G: L_ASR_U
L_ASR_U_1			= C3C3, L: L_ASR_U
L_DIV_U				= C3CC, G: L_DIV_U
ENTRY				= C3D0, L: L_DIV_U
L_DIV1				= C3D7, L: L_DIV_U
L_DIV2				= C3E1, L: L_DIV_U
L_EQ				= C3EB, G: L_EQ
L_GCHAR				= C3F2, G: L_GCHAR
L_SXT				= C3F3, L: L_GCHAR
L_GE				= C3F8, G: L_GE
L_GINT				= C406, G: L_GINT
L_GINTSP			= C40B, G: L_GINTSP
L_GT				= C413, G: L_GT
L_LNEG				= C41F, G: L_LNEG
L_LT				= C424, G: L_LT
L_NE				= C430, G: L_NE
L_NEG				= C437, G: L_NEG
L_OR				= C43F, G: L_OR
L_PINT				= C446, G: L_PINT
L_PINT_POP			= C44C, G: L_PINT_POP
L_SXT				= C452, G: L_SXT
L_UGT				= C457, G: L_UGT
L_ULT				= C45D, G: L_ULT
L_XOR				= C463, G: L_XOR
SPCOMPDLISTADDR			= C46A, G: SPCOMPDLISTADDR
SPDISPLAYLIST			= C47B, G: SPDISPLAYLIST
SP_ADDCOLSPR			= D07B, G: SP_ADDCOLSPR
SPADDCOLSPR			= D09A, G: SPADDCOLSPR
ACNOCRY				= D0A5, L: SPADDCOLSPR
ACLOOP				= D0B6, L: SPADDCOLSPR
NOINC1				= D0F2, L: SPADDCOLSPR
ACNOCRY3			= D106, L: SPADDCOLSPR
ACFAIL				= D133, L: SPADDCOLSPR
JPHL				= D144, L: SPADDCOLSPR
SPDELETESPR			= D145, G: SPDELETESPR
LOOP				= D149, L: SPDELETESPR
SPDSLOOP			= D156, G: SPDELETESPR
JPHL				= D15E, L: SPDELETESPR
SP_ADDMEMORY			= D15F, G: SP_ADDMEMORY
SPADDMEMORY			= D178, G: SPADDMEMORY
IB1				= D180, L: SPADDMEMORY
IB2				= D187, L: SPADDMEMORY
SPFREEBLOCK			= D194, G: SPFREEBLOCK
SPFB1				= D199, G: SPFREEBLOCK
SPFB2				= D1A4, G: SPFREEBLOCK
SPQUEUETABLE			= D1AF, G: SPQUEUETABLE
SP_BLOCKALLOC			= D1B1, G: SP_BLOCKALLOC
SPBLOCKALLOC			= D1BF, G: SPBLOCKALLOC
SPALLOC				= D1C9, G: SPBLOCKALLOC
SP_BORDER			= D1DA, G: SP_BORDER
SPBORDERCLR			= D1E3, G: SPBORDER
SPBORDER			= D1E4, G: SPBORDER
SP_CLEARRECT			= D1EC, G: SP_CLEARRECT
SPCLEARRECT			= D210, G: SPCLEARRECT
SPCLEARRECTP			= D218, G: SPCLEARRECT
CRROWLOOP			= D221, L: SPCLEARRECT
CRCOLLOOP			= D224, L: SPCLEARRECT
DOTILE				= D22E, L: SPCLEARRECT
SPRITE				= D231, L: SPCLEARRECT
DOSPRITE			= D23B, L: SPCLEARRECT
CRRMVSPRLP			= D244, L: SPCLEARRECT
NOINC1				= D252, L: SPCLEARRECT
CRNOMORESPR			= D259, L: SPCLEARRECT
NOSPRITE			= D25A, L: SPCLEARRECT
SP_CREATEGENERICISR		= D267, G: SP_CREATEGENERICISR
SPCREATEGENERICISR		= D270, G: SPCREATEGENERICISR
GENERICISR			= D279, L: SPCREATEGENERICISR
POSITION			= D27C, L: SPCREATEGENERICISR
PUSHREG				= D285, L: SPCREATEGENERICISR
JPHL				= D294, L: SPCREATEGENERICISR
RUNHOOKS			= D295, L: SPCREATEGENERICISR
POPREG				= D2A7, L: SPCREATEGENERICISR
SP_CREATESPR			= D2B8, G: SP_CREATESPR
SPCREATESPR			= D2D5, G: SPCREATESPR
CSLOOP				= D326, L: SPCREATESPR
CSENTER				= D33A, L: SPCREATESPR
NOTCOMPRESS			= D34C, L: SPCREATESPR
CONT				= D351, L: SPCREATESPR
CSNOCRY				= D368, L: SPCREATESPR
CSFAIL1				= D372, L: SPCREATESPR
CSFAIL2				= D374, L: SPCREATESPR
JPHL				= D37D, L: SPCREATESPR
SPNULLSPRPTR			= D37E, G: SPNULLSPRPTR
SP_FREEBLOCK			= D38E, G: SP_FREEBLOCK
SP_GETKEY			= D399, G: SP_GETKEY
KEYOK				= D39F, L: SP_GETKEY
STATE				= D3A4, L: SPGETKEY
COUNT				= D3A5, L: SPGETKEY
SPKEYDEBOUNCE			= D3A6, G: SPGETKEY
SPKEYSTARTREPEAT		= D3A7, G: SPGETKEY
SPKEYREPEATPERIOD		= D3A8, G: SPGETKEY
SPINKEY				= D3A9, G: SPGETKEY
SPGETKEY			= D3BA, G: SPGETKEY
SCANLOOP			= D3C1, L: SPGETKEY
KEYROWLOOP			= D3C5, L: SPGETKEY
NOPRESS				= D3D5, L: SPGETKEY
NEXTSCANROW			= D3DA, L: SPGETKEY
ATMAXCOUNT			= D3EB, L: SPGETKEY
SKIP				= D402, L: SPGETKEY
NOCAPS				= D418, L: SPGETKEY
NOSYM				= D423, L: SPGETKEY
TOOMANYKEYS			= D426, L: SPGETKEY
NOKEYS				= D426, L: SPGETKEY
SPKEYTRANSTBL			= D42E, G: SPKEYTRANSTBL
SPTBLLOOKUP			= D4CE, G: SPTBLLOOKUP
NOINC				= D4D4, L: SPTBLLOOKUP
SP_INITIALIZE			= D4D6, G: SP_INITIALIZE
SPINITIALIZE			= D4E2, G: SPINITIALIZE
ROTTBLLP			= D508, L: SPINITIALIZE
ENTRYLP				= D50F, L: SPINITIALIZE
ROTLP				= D512, L: SPINITIALIZE
LOOP				= D52B, L: SPINITIALIZE
CONT1				= D533, L: SPINITIALIZE
NOADD				= D53D, L: SPINITIALIZE
USERTILE			= D540, L: SPINITIALIZE
SPDIRTYCHARS			= D545, G: SPDIRTYCHARS
SPTILEARRAY			= D5A5, G: SPTILEARRAY
SP_INITIM2			= D7A5, G: SP_INITIM2
SPINITIM2			= D7B0, G: SPINITIM2
SP_INVALIDATE			= D7C6, G: SP_INVALIDATE
SPINVALIDATE			= D7EC, G: SPINVALIDATE
SPINVALIDATEP			= D7F4, G: SPINVALIDATE
NOINC1				= D80D, L: SPINVALIDATE
INVCOLLP			= D811, L: SPINVALIDATE
NOINC2				= D820, L: SPINVALIDATE
INVFULLCHAR			= D824, L: SPINVALIDATE
INVROWLP			= D826, L: SPINVALIDATE
NOINC3				= D831, L: SPINVALIDATE
SPBITLEFT2MASK			= D83F, G: SPBITLEFT2MASK
SPBITRIGHT2MASK			= D847, G: SPBITRIGHT2MASK
SPCOMPDIRTYADDR			= D84F, G: SPCOMPDIRTYADDR
SPINTRECT			= D864, G: SPINTRECT
SPINTSMALLIVAL			= D895, G: SPINTRECT
TRYOTHERWAY			= D8A9, L: SPINTRECT
SPPTINSMALLIVAL			= D8BA, G: SPINTRECT
BROKEN				= D8C6, L: SPINTRECT
SP_FIXCLIPRECT			= D8CD, G: SP_FIXCLIPRECT
SP_JOYKEMPSTON			= D8E7, G: SP_JOYKEMPSTON
SPJOYKEMPSTON			= D8EE, G: SPJOYKEMPSTON
KEMPTBL				= D8F9, L: SPJOYKEMPSTON
SP_JOYKEYBOARD			= D919, G: SP_JOYKEYBOARD
SPJOYKEYBOARD			= D927, G: SPJOYKEYBOARD
NOFIRE				= D934, L: SPJOYKEYBOARD
JKLOOP				= D934, L: SPJOYKEYBOARD
NOPRESS				= D93F, L: SPJOYKEYBOARD
SP_JOYSINCLAIR1			= D946, G: SP_JOYSINCLAIR1
SPJOYSINCLAIR1			= D94D, G: SPJOYSINCLAIR1
SINC1TBL			= D959, L: SPJOYSINCLAIR1
SP_KEYPRESSED			= D979, G: SP_KEYPRESSED
SPKEYPRESSED			= D989, G: SPKEYPRESSED
NOCAPS				= D995, L: SPKEYPRESSED
NOSYM				= D9A1, L: SPKEYPRESSED
SP_MOVESPRABS			= D9AD, G: SP_MOVESPRABS
SPMOVESPRABS			= D9B8, G: SPMOVESPRABS
SPMOVESPRABSNC			= D9C6, G: SPMOVESPRABS
ADJLOOP				= D9D1, L: SPMOVESPRABS
SPMOVESPRABSC			= D9DF, G: SPMOVESPRABS
YINSCREEN			= D9F7, L: SPMOVESPRABS
XINSCREEN			= DA07, L: SPMOVESPRABS
MVCOLLOOP			= DA1E, L: SPMOVESPRABS
MVROWLOOP			= DA24, L: SPMOVESPRABS
NOTDONE				= DA2E, L: SPMOVESPRABS
NOINC1				= DA46, L: SPMOVESPRABS
NOTINDLIST			= DA5A, L: SPMOVESPRABS
NONEXT1				= DA5A, L: SPMOVESPRABS
PDLOOP				= DA77, L: SPMOVESPRABS
NOINC2				= DA7F, L: SPMOVESPRABS
PUTHERE				= DA91, L: SPMOVESPRABS
NOINC3				= DAA0, L: SPMOVESPRABS
NODEC1				= DAAE, L: SPMOVESPRABS
NOINC4				= DABA, L: SPMOVESPRABS
NOTDISPLAYED			= DAC7, L: SPMOVESPRABS
NONEXT2				= DAC7, L: SPMOVESPRABS
INVALIDATE			= DAE2, L: SPMOVESPRABS
COMPUTEDISP			= DAF1, L: SPMOVESPRABS
NOTNEGATIVE			= DB0F, L: SPMOVESPRABS
ADJUSTGRAPHICS			= DB14, L: SPMOVESPRABS
NOINC5				= DB20, L: SPMOVESPRABS
SKIP1				= DB30, L: SPMOVESPRABS
SKIP2				= DB40, L: SPMOVESPRABS
SP_MOVEABSHELP			= DB43, G: SP_MOVEABSHELP
SP_PRINTATINV			= DB72, G: SP_PRINTATINV
SPPRINTATINV			= DB84, G: SPPRINTATINV
SPBIT2MASK			= DB9C, G: SPBIT2MASK
SP_REGISTERHOOK			= DBA4, G: SP_REGISTERHOOK
SP_REGISTERHOOKLAST		= DBBA, G: SP_REGISTERHOOKLAST
SPREGISTERHOOKLAST		= DBC9, G: SPREGISTERHOOKLAST
SPREGISTERHOOK			= DBC9, G: SPREGISTERHOOKLAST
LOOP				= DBD2, L: SPREGISTERHOOKLAST
DONE				= DBDD, L: SPREGISTERHOOKLAST
SP_TILEARRAY			= DBE6, G: SP_TILEARRAY
SPTILEENTRY			= DBF4, G: SPTILEENTRY
NOINC				= DBFD, L: SPTILEENTRY
SP_UPDATENOW			= DC05, G: SP_UPDATENOW
TEMPGRAPHIC			= DC09, L: SPUPDATENOW
TEMPCOLOUR			= DC11, L: SPUPDATENOW
SPUPDATENOW			= DC12, G: SPUPDATENOW
DIRTYLOOP			= DC1B, L: SPUPDATENOW
NOTACROSSBLK1			= DC2B, L: SPUPDATENOW
REENTER				= DC33, L: SPUPDATENOW
NOINC1				= DC33, L: SPUPDATENOW
DIRTYAREA			= DC41, L: SPUPDATENOW
NOTACROSSBLK2			= DC7B, L: SPUPDATENOW
TILEONLY			= DC82, L: SPUPDATENOW
NOINC11				= DC8D, L: SPUPDATENOW
DRAWCHAR			= DCB1, L: SPUPDATENOW
NOTLOAD				= DCDF, L: SPUPDATENOW
NOINC10				= DCEA, L: SPUPDATENOW
SPRITELOOP			= DCFF, L: SPUPDATENOW
DOSPRITE			= DD03, L: SPUPDATENOW
COLOURSPRITE			= DE0D, L: SPUPDATENOW
CLEAR				= DE17, L: SPUPDATENOW
COPYBUFFER			= DE22, L: SPUPDATENOW
NOMORESPRITES			= DE44, L: SPUPDATENOW
MASKNOROTATE			= DE52, L: SPUPDATENOW
LOADTYPE			= DE9D, L: SPUPDATENOW
LOADNOROTATE			= DF0B, L: SPUPDATENOW
XORTYPE				= DF2A, L: SPUPDATENOW
XORNOROTATE			= DFB0, L: SPUPDATENOW
ORTYPE				= DFE2, L: SPUPDATENOW
ORNOROTATE			= E068, L: SPUPDATENOW
