PLY_Digidrum	EQU 0883DH
PLY_FrequencyTable EQU 08E12H
PLY_Height	EQU 088B3H
PLY_HeightCpt	EQU 08848H
PLY_HeightEnd	EQU 088B5H
PLY_Init	EQU 08F32H
PLY_Linker_PT	EQU 0884DH
PLY_NewSpecialTrack EQU 08894H
PLY_NoNewHeight	EQU 08891H
PLY_NoNewSpecialTrack EQU 0889CH
PLY_NoNewTransposition1 EQU 08864H
PLY_NoNewTransposition2 EQU 0886CH
PLY_NoNewTransposition3 EQU 08874H
PLY_PSGReg0	EQU 08C13H
PLY_PSGReg1	EQU 08C14H
PLY_PSGReg10	EQU 08C1EH
PLY_PSGReg11	EQU 08C1FH
PLY_PSGReg12	EQU 08C20H
PLY_PSGReg13	EQU 08C21H
PLY_PSGReg13_Code EQU 08BFEH
PLY_PSGReg13_Retrig EQU 08BFFH
PLY_PSGReg2	EQU 08C15H
PLY_PSGReg3	EQU 08C16H
PLY_PSGReg4	EQU 08C17H
PLY_PSGReg5	EQU 08C18H
PLY_PSGReg6	EQU 08C19H
PLY_PSGReg8	EQU 08C1AH
PLY_PSGReg9	EQU 08C1CH
PLY_PSGRegistersArray EQU 08C13H
PLY_PSGRegistersArray_End EQU 08C22H
PLY_PS_CalculateFrequency EQU 08DB2H
PLY_PS_CalculateFrequency_TestManualFrequency EQU 08DA4H
PLY_PS_EndSound_NotASFX EQU 08D59H
PLY_PS_EndSound_SFX EQU 08D50H
PLY_PS_HD_NoSoftwarePitch EQU 08D43H
PLY_PS_HD_Shift	EQU 08D15H
PLY_PS_Hard	EQU 08C80H
PLY_PS_Hard_LoopOrIndependent EQU 08D4CH
PLY_PS_Hard_NoRetrig EQU 08C93H
PLY_PS_HardwareDependent EQU 08D02H
PLY_PS_I_SkipSoftwareFrequencyCalculation EQU 08D80H
PLY_PS_I_SoundOn EQU 08D6DH
PLY_PS_Independent EQU 08D60H
PLY_PS_SD_NoHardwarePitch EQU 08CF2H
PLY_PS_SD_Noise	EQU 08CF6H
PLY_PS_SD_Shift	EQU 08CC1H
PLY_PS_S_SBN_NoNoise EQU 08C60H
PLY_PS_S_SBN_Sound EQU 08C71H
PLY_PS_S_SecondByteNeeded EQU 08C50H
PLY_PS_S_SoundOn EQU 08C39H
PLY_PS_S_SoundOn_ArpeggioEnd EQU 08DCFH
PLY_PS_S_SoundOn_NoPitch EQU 08DC2H
PLY_PT_SpecialTrack_EndData EQU 088D6H
PLY_Play	EQU 0883EH
PLY_PlaySound	EQU 08C22H
PLY_ReadTrack	EQU 08DDEH
PLY_ReadTrack_FullOptimisation EQU 08E05H
PLY_ReadTrack_NoOptimisation_EscapeCode EQU 08E01H
PLY_ReadTrack_Pitch_End EQU 08DFAH
PLY_ReadTrack_ReadParameters EQU 08DECH
PLY_ReadTrack_Wait EQU 08E0FH
PLY_RetrigValue	EQU 000FEH
PLY_SFX_Init	EQU 08F96H
PLY_SFX_OffsetInstrument EQU 00007H
PLY_SFX_OffsetNote EQU 00005H
PLY_SFX_OffsetPitch EQU 00000H
PLY_SFX_OffsetSpeed EQU 00026H
PLY_SFX_OffsetSpeedCpt EQU 0001EH
PLY_SFX_OffsetVolume EQU 00006H
PLY_SFX_Play	EQU 08FAAH
PLY_SFX_Play_InstrumentTable EQU 08FCFH
PLY_SFX_Play_Selected EQU 08FBCH
PLY_SFX_Play_UserSpeed EQU 08FDCH
PLY_SFX_Stop	EQU 08FEBH
PLY_SFX_StopAll	EQU 08F9DH
PLY_SFX_Stop_ChannelFound EQU 08FFCH
PLY_SFX_Track1_End EQU 08B26H
PLY_SFX_Track1_Instrument EQU 08B02H
PLY_SFX_Track1_InstrumentSpeed EQU 08B21H
PLY_SFX_Track1_InstrumentSpeedCpt EQU 08B19H
PLY_SFX_Track1_Instrument_SetAddress EQU 08B1EH
PLY_SFX_Track1_Note EQU 08B00H
PLY_SFX_Track1_Pitch EQU 08AFBH
PLY_SFX_Track1_PlayNoForward EQU 08B23H
PLY_SFX_Track1_Volume EQU 08B01H
PLY_SFX_Track2_End EQU 08AC7H
PLY_SFX_Track2_Instrument EQU 08AA3H
PLY_SFX_Track2_InstrumentSpeed EQU 08AC2H
PLY_SFX_Track2_InstrumentSpeedCpt EQU 08ABAH
PLY_SFX_Track2_Instrument_SetAddress EQU 08ABFH
PLY_SFX_Track2_Note EQU 08AA1H
PLY_SFX_Track2_Pitch EQU 08A9CH
PLY_SFX_Track2_PlayNoForward EQU 08AC4H
PLY_SFX_Track2_Volume EQU 08AA2H
PLY_SFX_Track3_End EQU 08A6BH
PLY_SFX_Track3_Instrument EQU 08A47H
PLY_SFX_Track3_InstrumentSpeed EQU 08A66H
PLY_SFX_Track3_InstrumentSpeedCpt EQU 08A5EH
PLY_SFX_Track3_Instrument_SetAddress EQU 08A63H
PLY_SFX_Track3_Note EQU 08A45H
PLY_SFX_Track3_Pitch EQU 08A40H
PLY_SFX_Track3_PlayNoForward EQU 08A68H
PLY_SFX_Track3_Volume EQU 08A46H
PLY_SaveSpecialTrack EQU 0889FH
PLY_SendRegisters EQU 08B29H
PLY_SongNotOver	EQU 0885CH
PLY_SpecialTrack_NewWait EQU 088D8H
PLY_SpecialTrack_NoEscapeCode EQU 088CCH
PLY_SpecialTrack_PT EQU 088BDH
PLY_SpecialTrack_Speed EQU 088D3H
PLY_SpecialTrack_Wait EQU 088DBH
PLY_SpecialTrack_WaitCounter EQU 088B8H
PLY_Speed	EQU 08A0DH
PLY_SpeedCpt	EQU 08842H
PLY_SpeedEnd	EQU 08A0FH
PLY_Stop	EQU 08F87H
PLY_SystemFriendly EQU 00000H
PLY_Track1_Instrument EQU 08AE8H
PLY_Track1_InstrumentResetPT EQU 0893BH
PLY_Track1_InstrumentSpeed EQU 08AF6H
PLY_Track1_InstrumentSpeedCpt EQU 08AEEH
PLY_Track1_InstrumentsTablePT EQU 08920H
PLY_Track1_NewInstrument EQU 0891EH
PLY_Track1_NewInstrument_SetWait EQU 08940H
PLY_Track1_NoNewPitch EQU 088FFH
PLY_Track1_NoNoteGiven EQU 0893EH
PLY_Track1_Note	EQU 08AE6H
PLY_Track1_PT	EQU 088E3H
PLY_Track1_Pitch EQU 08AD1H
PLY_Track1_PitchAdd EQU 08AD4H
PLY_Track1_PlayNoForward EQU 08AF8H
PLY_Track1_SameVolume EQU 088F7H
PLY_Track1_SavePTInstrument EQU 08913H
PLY_Track1_Volume EQU 08AE7H
PLY_Track1_WaitCounter EQU 088DEH
PLY_Track2_Instrument EQU 08A89H
PLY_Track2_InstrumentResetPT EQU 089A0H
PLY_Track2_InstrumentSpeed EQU 08A97H
PLY_Track2_InstrumentSpeedCpt EQU 08A8FH
PLY_Track2_InstrumentsTablePT EQU 08985H
PLY_Track2_NewInstrument EQU 08983H
PLY_Track2_NewInstrument_SetWait EQU 089A5H
PLY_Track2_NoNewPitch EQU 08964H
PLY_Track2_NoNoteGiven EQU 089A3H
PLY_Track2_Note	EQU 08A87H
PLY_Track2_PT	EQU 08948H
PLY_Track2_Pitch EQU 08A72H
PLY_Track2_PitchAdd EQU 08A75H
PLY_Track2_PlayNoForward EQU 08A99H
PLY_Track2_SameVolume EQU 0895CH
PLY_Track2_SavePTInstrument EQU 08978H
PLY_Track2_Volume EQU 08A88H
PLY_Track2_WaitCounter EQU 08943H
PLY_Track3_Instrument EQU 08A2DH
PLY_Track3_InstrumentResetPT EQU 08A05H
PLY_Track3_InstrumentSpeed EQU 08A3BH
PLY_Track3_InstrumentSpeedCpt EQU 08A33H
PLY_Track3_InstrumentsTablePT EQU 089EAH
PLY_Track3_NewInstrument EQU 089E8H
PLY_Track3_NewInstrument_SetWait EQU 08A0AH
PLY_Track3_NoNewPitch EQU 089C9H
PLY_Track3_NoNoteGiven EQU 08A08H
PLY_Track3_Note	EQU 08A2BH
PLY_Track3_PT	EQU 089ADH
PLY_Track3_Pitch EQU 08A16H
PLY_Track3_PitchAdd EQU 08A19H
PLY_Track3_PlayNoForward EQU 08A3DH
PLY_Track3_SameVolume EQU 089C1H
PLY_Track3_SavePTInstrument EQU 089DDH
PLY_Track3_Volume EQU 08A2CH
PLY_Track3_WaitCounter EQU 089A8H
PLY_Transposition1 EQU 08904H
PLY_Transposition2 EQU 08969H
PLY_Transposition3 EQU 089CEH
PLY_UseBasicSoundEffectInterface EQU 00000H
PLY_UseCPCMachine EQU 00001H
PLY_UseFades	EQU 00000H
PLY_UseFirmwareInterruptions EQU 00000H
PLY_UseMSXMachine EQU 00000H
PLY_UseSoundEffects EQU 00001H
Player		EQU 08834H
